<html>
<body>
<pre>
<h1>µVision Build Log</h1>
<h2>Tool Versions:</h2>
IDE-Version: ¦ÌVision V5.14.0.0
Copyright (C) 2015 ARM Ltd and ARM Germany GmbH. All rights reserved.
License Information: Yang liuyang, NJU, LIC=8MZII-TR48C-WKEB8-33SP2-Q56IC-HQTJ1
 
Tool Versions:
Toolchain:       MDK-ARM Professional  Version: 5.14.0.0
Toolchain Path:  D:\MDK514\ARM\ARMCC\Bin
C Compiler:      Armcc.exe V5.05 update 1 (build 106)
Assembler:       Armasm.exe V5.05 update 1 (build 106)
Linker/Locator:  ArmLink.exe V5.05 update 1 (build 106)
Library Manager: ArmAr.exe V5.05 update 1 (build 106)
Hex Converter:   FromElf.exe V5.05 update 1 (build 106)
CPU DLL:         SARMCM3.DLL V5.14.0.0
Dialog DLL:      DARMSTM.DLL V1.65.0.0
Target DLL:      UL2CM3.DLL V1.155.0.0
Dialog DLL:      TARMSTM.DLL V1.64.0.0
 
<h2>Project:</h2>
D:\STM32\Practice\HMC5883LSTM32\USER\HMC5883l.uvprojx
Project File Date:  08/11/2018

<h2>Output:</h2>
Build target 'Target 1'
assembling STM32F10x.s...
compiling main.c...
compiling delay.c...
compiling sys.c...
compiling usart.c...
compiling delay_5883.c...
compiling IIC_5883.c...
compiling signal_5883.c...
linking...
Program Size: Code=8012 RO-data=428 RW-data=12 ZI-data=612  
FromELF: creating hex file...
"..\OBJ\HMC5883l.axf" - 0 Error(s), 0 Warning(s).

<h2>Collection of Component include folders:</h2>
  D:\STM32\Practice\HMC5883LSTM32\USER\RTE
  D:\MDK514\ARM\PACK\Keil\STM32F1xx_DFP\1.0.5\Device\Include

<h2>Collection of Component Files used:</h2>
</pre>
</body>
</html>
