<html>
<body>
<pre>
<h1>µVision Build Log</h1>
<h2>Project:</h2>
E:\my Design\HMC5883L²âÊÔ³ÌÐò ËÄ¸ö\HMC5883LSTM32²âÊÔ ¼Ä´æÆ÷ÌÔ½ð°æ\USER\HMC5883l.uvproj
Project File Date:  05/11/2013

<h2>Output:</h2>
Build target 'Target 1'
compiling main.c...
compiling delay_5883.c...
compiling IIC_5883.c...
compiling signal_5883.c...
linking...
Program Size: Code=8028 RO-data=428 RW-data=12 ZI-data=612  
FromELF: creating hex file...
"HMC5883l.axf" - 0 Error(s), 0 Warning(s).
Build target 'Target 1'
linking...
Program Size: Code=8028 RO-data=428 RW-data=12 ZI-data=612  
FromELF: creating hex file...
"HMC5883l.axf" - 0 Error(s), 0 Warning(s).
