Component: ARM Compiler 5.05 update 1 (build 106) Tool: armlink [4d0efa]

==============================================================================

Section Cross References

    startup_stm32f10x_md.o(STACK) refers (Special) to heapauxi.o(.text) for __use_two_region_memory
    startup_stm32f10x_md.o(HEAP) refers (Special) to heapauxi.o(.text) for __use_two_region_memory
    startup_stm32f10x_md.o(RESET) refers (Special) to heapauxi.o(.text) for __use_two_region_memory
    startup_stm32f10x_md.o(RESET) refers to startup_stm32f10x_md.o(STACK) for __initial_sp
    startup_stm32f10x_md.o(RESET) refers to startup_stm32f10x_md.o(.text) for Reset_Handler
    startup_stm32f10x_md.o(RESET) refers to key.o(.text) for EXTI9_5_IRQHandler
    startup_stm32f10x_md.o(RESET) refers to encode.o(.text) for TIM2_IRQHandler
    startup_stm32f10x_md.o(RESET) refers to timer.o(.text) for TIM3_IRQHandler
    startup_stm32f10x_md.o(RESET) refers to usart.o(.text) for USART1_IRQHandler
    startup_stm32f10x_md.o(.text) refers (Special) to heapauxi.o(.text) for __use_two_region_memory
    startup_stm32f10x_md.o(.text) refers to __main.o(!!!main) for __main
    startup_stm32f10x_md.o(.text) refers to startup_stm32f10x_md.o(HEAP) for Heap_Mem
    startup_stm32f10x_md.o(.text) refers to startup_stm32f10x_md.o(STACK) for Stack_Mem
    minibalance.o(.text) refers to sys.o(.text) for Stm32_Clock_Init
    minibalance.o(.text) refers to delay.o(.text) for delay_init
    minibalance.o(.text) refers to led.o(.text) for LED_Init
    minibalance.o(.text) refers to mpu6050.o(.text) for MPU_Init
    minibalance.o(.text) refers to inv_mpu.o(.text) for mpu_dmp_init
    minibalance.o(.text) refers to oled.o(.text) for OLED_Init
    minibalance.o(.text) refers to pwm.o(.text) for TIM1_PWM_Init
    minibalance.o(.text) refers to encode.o(.text) for Encoder_Init_TIM2
    minibalance.o(.text) refers to key.o(.text) for KEY_Init_MY
    minibalance.o(.text) refers to usart.o(.text) for uart1_init
    minibalance.o(.text) refers to motor.o(.text) for Motor_Init
    minibalance.o(.text) refers to adc.o(.text) for Adc_Init
    minibalance.o(.text) refers to timer.o(.text) for TIM3_Int_Init
    minibalance.o(.text) refers to minibalance.o(.data) for Moto1
    delay.o(.text) refers to delay.o(.data) for fac_us
    sys.o(.text) refers to misc.o(.text) for NVIC_Init
    sys.o(.text) refers to sys.o(.emb_text) for WFI_SET
    usart.o(.text) refers (Special) to use_no_semi_2.o(.text) for __use_no_semihosting
    usart.o(.text) refers to stm32f10x_rcc.o(.text) for RCC_APB2PeriphClockCmd
    usart.o(.text) refers to stm32f10x_gpio.o(.text) for GPIO_Init
    usart.o(.text) refers to misc.o(.text) for NVIC_Init
    usart.o(.text) refers to stm32f10x_usart.o(.text) for USART_Init
    usart.o(.text) refers to minibalance.o(.data) for Flag_Qian
    usart.o(.data) refers (Special) to use_no_semi_2.o(.text) for __use_no_semihosting
    led.o(.text) refers to led.o(.data) for temp
    key.o(.text) refers to stm32f10x_rcc.o(.text) for RCC_APB2PeriphClockCmd
    key.o(.text) refers to stm32f10x_gpio.o(.text) for GPIO_Init
    key.o(.text) refers to delay.o(.text) for delay_ms
    key.o(.text) refers to key.o(.data) for Forever_count
    oled.o(.text) refers to oled.o(.bss) for OLED_GRAM
    oled.o(.text) refers to oled.o(.constdata) for oled_asc2_1206
    timer.o(.text) refers to stm32f10x_rcc.o(.text) for RCC_APB1PeriphClockCmd
    timer.o(.text) refers to stm32f10x_tim.o(.text) for TIM_TimeBaseInit
    timer.o(.text) refers to encode.o(.text) for Read_Encoder
    timer.o(.text) refers to fflt_clz.o(x$fpl$fflt) for __aeabi_i2f
    timer.o(.text) refers to motor.o(.text) for balance
    timer.o(.text) refers to frleqf.o(x$fpl$frleqf) for __aeabi_cfrcmple
    timer.o(.text) refers to fleqf.o(x$fpl$fleqf) for __aeabi_cfcmple
    timer.o(.text) refers to timer.o(.data) for jishi
    timer.o(.text) refers to minibalance.o(.data) for Encoder_Left
    mpuiic.o(.text) refers to delay.o(.text) for delay_us
    mpuiic.o(.text) refers to stm32f10x_rcc.o(.text) for RCC_APB2PeriphClockCmd
    mpuiic.o(.text) refers to stm32f10x_gpio.o(.text) for GPIO_Init
    mpu6050.o(.text) refers to mpuiic.o(.text) for MPU_IIC_Start
    mpu6050.o(.text) refers to delay.o(.text) for delay_ms
    mpu6050.o(.text) refers to dflt_clz.o(x$fpl$dflt) for __aeabi_i2d
    mpu6050.o(.text) refers to ddiv.o(x$fpl$ddiv) for __aeabi_ddiv
    mpu6050.o(.text) refers to daddsub_clz.o(x$fpl$dadd) for __aeabi_dadd
    mpu6050.o(.text) refers to d2f.o(x$fpl$d2f) for __aeabi_d2f
    mpu6050.o(.text) refers to fmul.o(x$fpl$fmul) for __aeabi_fmul
    mpu6050.o(.text) refers to ffix.o(x$fpl$ffix) for __aeabi_f2iz
    inv_mpu.o(.text) refers to _printf_pad.o(.text) for _printf_pre_padding
    inv_mpu.o(.text) refers to _printf_percent.o(.ARM.Collect$$_printf_percent$$00000000) for _printf_percent
    inv_mpu.o(.text) refers to _printf_x.o(.ARM.Collect$$_printf_percent$$0000000C) for _printf_x
[...]
    Target_Velocity                          0x200000c0   Data           4  motor.o(.data)
    Turn_Target                              0x200000c4   Data           4  motor.o(.data)
    Encoder_temp                             0x200000c8   Data           4  motor.o(.data)
    Turn_Convert                             0x200000cc   Data           4  motor.o(.data)
    Turn_Count                               0x200000d0   Data           4  motor.o(.data)
    Turn                                     0x200000d4   Data           4  motor.o(.data)
    .data                                    0x200000d8   Section       20  stm32f10x_rcc.o(.data)
    APBAHBPrescTable                         0x200000d8   Data          16  stm32f10x_rcc.o(.data)
    ADCPrescTable                            0x200000e8   Data           4  stm32f10x_rcc.o(.data)
    .bss                                     0x200000ec   Section     1024  oled.o(.bss)
    .bss                                     0x200004ec   Section       16  inv_mpu_dmp_motion_driver.o(.bss)
    dmp                                      0x200004ec   Data          16  inv_mpu_dmp_motion_driver.o(.bss)
    .bss                                     0x200004fc   Section       96  libspace.o(.bss)
    HEAP                                     0x20000560   Section      512  startup_stm32f10x_md.o(HEAP)
    Heap_Mem                                 0x20000560   Data         512  startup_stm32f10x_md.o(HEAP)
    STACK                                    0x20000760   Section     1024  startup_stm32f10x_md.o(STACK)
    Stack_Mem                                0x20000760   Data        1024  startup_stm32f10x_md.o(STACK)
    __initial_sp                             0x20000b60   Data           0  startup_stm32f10x_md.o(STACK)

    Global Symbols

    Symbol Name                              Value     Ov Type        Size  Object(Section)

    BuildAttributes$$THM_ISAv4$P$D$K$B$S$PE$A:L22UL41UL21$X:L11$S22US41US21$IEEE1$IW$USESV6$~STKCKD$USESV7$~SHL$OTIME$ROPI$IEEEX$EBA8$UX$STANDARDLIB$REQ8$PRES8$EABIv2 0x00000000   Number         0  anon$$obj.o ABSOLUTE
    __ARM_use_no_argv                        0x00000000   Number         0  minibalance.o ABSOLUTE
    _printf_flags                            0x00000000   Number         0  printf_stubs.o ABSOLUTE
    _printf_return_value                     0x00000000   Number         0  printf_stubs.o ABSOLUTE
    _printf_sizespec                         0x00000000   Number         0  printf_stubs.o ABSOLUTE
    _printf_widthprec                        0x00000000   Number         0  printf_stubs.o ABSOLUTE
    __ARM_exceptions_init                     - Undefined Weak Reference
    __alloca_initialize                       - Undefined Weak Reference
    __arm_preinit_                            - Undefined Weak Reference
    __cpp_initialize__aeabi_                  - Undefined Weak Reference
    __cxa_finalize                            - Undefined Weak Reference
    __rt_locale                               - Undefined Weak Reference
    __sigvec_lookup                           - Undefined Weak Reference
    _atexit_init                              - Undefined Weak Reference
    _call_atexit_fns                          - Undefined Weak Reference
    _clock_init                               - Undefined Weak Reference
    _fp_trap_init                             - Undefined Weak Reference
    _fp_trap_shutdown                         - Undefined Weak Reference
    _get_lc_collate                           - Undefined Weak Reference
    _get_lc_ctype                             - Undefined Weak Reference
    _get_lc_monetary                          - Undefined Weak Reference
    _get_lc_numeric                           - Undefined Weak Reference
    _get_lc_time                              - Undefined Weak Reference
    _getenv_init                              - Undefined Weak Reference
    _handle_redirection                       - Undefined Weak Reference
    _init_alloc                               - Undefined Weak Reference
    _init_user_alloc                          - Undefined Weak Reference
    _initio                                   - Undefined Weak Reference
    _mutex_acquire                            - Undefined Weak Reference
    _mutex_release                            - Undefined Weak Reference
    _printf_truncate_signed                   - Undefined Weak Reference
    _printf_truncate_unsigned                 - Undefined Weak Reference
    _rand_init                                - Undefined Weak Reference
    _signal_finish                            - Undefined Weak Reference
    _signal_init                              - Undefined Weak Reference
    _terminate_alloc                          - Undefined Weak Reference
    _terminate_user_alloc                     - Undefined Weak Reference
    _terminateio                              - Undefined Weak Reference
    __Vectors_Size                           0x000000ec   Number         0  startup_stm32f10x_md.o ABSOLUTE
    __Vectors                                0x08000000   Data           4  startup_stm32f10x_md.o(RESET)
    __Vectors_End                            0x080000ec   Data           0  startup_stm32f10x_md.o(RESET)
    __main                                   0x080000ed   Thumb Code     8  __main.o(!!!main)
    __scatterload                            0x080000f5   Thumb Code     0  __scatter.o(!!!scatter)
    __scatterload_rt2                        0x080000f5   Thumb Code    44  __scatter.o(!!!scatter)
    __scatterload_rt2_thumb_only             0x080000f5   Thumb Code     0  __scatter.o(!!!scatter)
    __scatterload_null                       0x08000103   Thumb Code     0  __scatter.o(!!!scatter)
    __scatterload_copy                       0x08000129   Thumb Code    26  __scatter_copy.o(!!handler_copy)
    __scatterload_zeroinit                   0x08000145   Thumb Code    28  __scatter_zi.o(!!handler_zi)
    _printf_d                                0x08000161   Thumb Code     0  _printf_d.o(.ARM.Collect$$_printf_percent$$00000009)
    _printf_percent                          0x08000161   Thumb Code     0  _printf_percent.o(.ARM.Collect$$_printf_percent$$00000000)
    _printf_x                                0x08000167   Thumb Code     0  _printf_x.o(.ARM.Collect$$_printf_percent$$0000000C)
    _printf_percent_end                      0x0800016d   Thumb Code     0  _printf_percent_end.o(.ARM.Collect$$_printf_percent$$00000017)
    __rt_lib_init                            0x08000171   Thumb Code     0  libinit.o(.ARM.Collect$$libinit$$00000000)
    __rt_lib_init_alloca_1                   0x08000173   Thumb Code     0  libinit2.o(.ARM.Collect$$libinit$$0000002E)
    __rt_lib_init_argv_1                     0x08000173   Thumb Code     0  libinit2.o(.ARM.Collect$$libinit$$0000002C)
    __rt_lib_init_atexit_1                   0x08000173   Thumb Code     0  libinit2.o(.ARM.Collect$$libinit$$0000001B)
    __rt_lib_init_clock_1                    0x08000173   Thumb Code     0  libinit2.o(.ARM.Collect$$libinit$$00000021)
    __rt_lib_init_cpp_1                      0x08000173   Thumb Code     0  libinit2.o(.ARM.Collect$$libinit$$00000032)
    __rt_lib_init_exceptions_1               0x08000173   Thumb Code     0  libinit2.o(.ARM.Collect$$libinit$$00000030)
    __rt_lib_init_fp_1                       0x08000173   Thumb Code     0  libinit2.o(.ARM.Collect$$libinit$$00000002)
    __rt_lib_init_fp_trap_1                  0x08000173   Thumb Code     0  libinit2.o(.ARM.Collect$$libinit$$0000001F)
    __rt_lib_init_getenv_1                   0x08000173   Thumb Code     0  libinit2.o(.ARM.Collect$$libinit$$00000023)
    __rt_lib_init_heap_1                     0x08000173   Thumb Code     0  libinit2.o(.ARM.Collect$$libinit$$0000000A)
    __rt_lib_init_lc_collate_1               0x08000173   Thumb Code     0  libinit2.o(.ARM.Collect$$libinit$$00000011)
    __rt_lib_init_lc_ctype_1                 0x08000173   Thumb Code     0  libinit2.o(.ARM.Collect$$libinit$$00000013)
    __rt_lib_init_lc_monetary_1              0x08000173   Thumb Code     0  libinit2.o(.ARM.Collect$$libinit$$00000015)
    __rt_lib_init_lc_numeric_1               0x08000173   Thumb Code     0  libinit2.o(.ARM.Collect$$libinit$$00000017)
    __rt_lib_init_lc_time_1                  0x08000173   Thumb Code     0  libinit2.o(.ARM.Collect$$libinit$$00000019)
    __rt_lib_init_preinit_1                  0x08000173   Thumb Code     0  libinit2.o(.ARM.Collect$$libinit$$00000004)
    __rt_lib_init_rand_1                     0x08000173   Thumb Code     0  libinit2.o(.ARM.Collect$$libinit$$0000000E)
    __rt_lib_init_return                     0x08000173   Thumb Code     0  libinit2.o(.ARM.Collect$$libinit$$00000033)
    __rt_lib_init_signal_1                   0x08000173   Thumb Code     0  libinit2.o(.ARM.Collect$$libinit$$0000001D)
    __rt_lib_init_stdio_1                    0x08000173   Thumb Code     0  libinit2.o(.ARM.Collect$$libinit$$00000025)
    __rt_lib_init_user_alloc_1               0x08000173   Thumb Code     0  libinit2.o(.ARM.Collect$$libinit$$0000000C)
    __rt_lib_shutdown                        0x08000175   Thumb Code     0  libshutdown.o(.ARM.Collect$$libshutdown$$00000000)
    __rt_lib_shutdown_fp_trap_1              0x08000177   Thumb Code     0  libshutdown2.o(.ARM.Collect$$libshutdown$$00000006)
    __rt_lib_shutdown_heap_1                 0x08000177   Thumb Code     0  libshutdown2.o(.ARM.Collect$$libshutdown$$0000000E)
    __rt_lib_shutdown_return                 0x08000177   Thumb Code     0  libshutdown2.o(.ARM.Collect$$libshutdown$$0000000F)
    __rt_lib_shutdown_signal_1               0x08000177   Thumb Code     0  libshutdown2.o(.ARM.Collect$$libshutdown$$00000009)
    __rt_lib_shutdown_stdio_1                0x08000177   Thumb Code     0  libshutdown2.o(.ARM.Collect$$libshutdown$$00000003)
    __rt_lib_shutdown_user_alloc_1           0x08000177   Thumb Code     0  libshutdown2.o(.ARM.Collect$$libshutdown$$0000000B)
    __rt_entry                               0x08000179   Thumb Code     0  __rtentry.o(.ARM.Collect$$rtentry$$00000000)
    __rt_entry_presh_1                       0x08000179   Thumb Code     0  __rtentry2.o(.ARM.Collect$$rtentry$$00000002)
    __rt_entry_sh                            0x08000179   Thumb Code     0  __rtentry4.o(.ARM.Collect$$rtentry$$00000004)
    __rt_entry_li                            0x0800017f   Thumb Code     0  __rtentry2.o(.ARM.Collect$$rtentry$$0000000A)
    __rt_entry_postsh_1                      0x0800017f   Thumb Code     0  __rtentry2.o(.ARM.Collect$$rtentry$$00000009)
    __rt_entry_main                          0x08000183   Thumb Code     0  __rtentry2.o(.ARM.Collect$$rtentry$$0000000D)
    __rt_entry_postli_1                      0x08000183   Thumb Code     0  __rtentry2.o(.ARM.Collect$$rtentry$$0000000C)
    __rt_exit                                0x0800018b   Thumb Code     0  rtexit.o(.ARM.Collect$$rtexit$$00000000)
    __rt_exit_ls                             0x0800018d   Thumb Code     0  rtexit2.o(.ARM.Collect$$rtexit$$00000003)
    __rt_exit_prels_1                        0x0800018d   Thumb Code     0  rtexit2.o(.ARM.Collect$$rtexit$$00000002)
    __rt_exit_exit                           0x08000191   Thumb Code     0  rtexit2.o(.ARM.Collect$$rtexit$$00000004)
    WFI_SET                                  0x08000199   Thumb Code     2  sys.o(.emb_text)
    INTX_DISABLE                             0x0800019b   Thumb Code     2  sys.o(.emb_text)
    INTX_ENABLE                              0x0800019d   Thumb Code     2  sys.o(.emb_text)
    MSR_MSP                                  0x0800019f   Thumb Code     6  sys.o(.emb_text)
    Reset_Handler                            0x080001a5   Thumb Code     4  startup_stm32f10x_md.o(.text)
    NMI_Handler                              0x080001a9   Thumb Code     2  startup_stm32f10x_md.o(.text)
    HardFault_Handler                        0x080001ab   Thumb Code     2  startup_stm32f10x_md.o(.text)
    MemManage_Handler                        0x080001ad   Thumb Code     2  startup_stm32f10x_md.o(.text)
    BusFault_Handler                         0x080001af   Thumb Code     2  startup_stm32f10x_md.o(.text)
    UsageFault_Handler                       0x080001b1   Thumb Code     2  startup_stm32f10x_md.o(.text)
    SVC_Handler                              0x080001b3   Thumb Code     2  startup_stm32f10x_md.o(.text)
    DebugMon_Handler                         0x080001b5   Thumb Code     2  startup_stm32f10x_md.o(.text)
    PendSV_Handler                           0x080001b7   Thumb Code     2  startup_stm32f10x_md.o(.text)
    SysTick_Handler                          0x080001b9   Thumb Code     2  startup_stm32f10x_md.o(.text)
    ADC1_2_IRQHandler                        0x080001bb   Thumb Code     0  startup_stm32f10x_md.o(.text)
    CAN1_RX1_IRQHandler                      0x080001bb   Thumb Code     0  startup_stm32f10x_md.o(.text)
    CAN1_SCE_IRQHandler                      0x080001bb   Thumb Code     0  startup_stm32f10x_md.o(.text)
    DMA1_Channel1_IRQHandler                 0x080001bb   Thumb Code     0  startup_stm32f10x_md.o(.text)
    DMA1_Channel2_IRQHandler                 0x080001bb   Thumb Code     0  startup_stm32f10x_md.o(.text)
    DMA1_Channel3_IRQHandler                 0x080001bb   Thumb Code     0  startup_stm32f10x_md.o(.text)
    DMA1_Channel4_IRQHandler                 0x080001bb   Thumb Code     0  startup_stm32f10x_md.o(.text)
    DMA1_Channel5_IRQHandler                 0x080001bb   Thumb Code     0  startup_stm32f10x_md.o(.text)
    DMA1_Channel6_IRQHandler                 0x080001bb   Thumb Code     0  startup_stm32f10x_md.o(.text)
    DMA1_Channel7_IRQHandler                 0x080001bb   Thumb Code     0  startup_stm32f10x_md.o(.text)
    EXTI0_IRQHandler                         0x080001bb   Thumb Code     0  startup_stm32f10x_md.o(.text)
    EXTI15_10_IRQHandler                     0x080001bb   Thumb Code     0  startup_stm32f10x_md.o(.text)
    EXTI1_IRQHandler                         0x080001bb   Thumb Code     0  startup_stm32f10x_md.o(.text)
    EXTI2_IRQHandler                         0x080001bb   Thumb Code     0  startup_stm32f10x_md.o(.text)
    EXTI3_IRQHandler                         0x080001bb   Thumb Code     0  startup_stm32f10x_md.o(.text)
    EXTI4_IRQHandler                         0x080001bb   Thumb Code     0  startup_stm32f10x_md.o(.text)
    FLASH_IRQHandler                         0x080001bb   Thumb Code     0  startup_stm32f10x_md.o(.text)
    I2C1_ER_IRQHandler                       0x080001bb   Thumb Code     0  startup_stm32f10x_md.o(.text)
    I2C1_EV_IRQHandler                       0x080001bb   Thumb Code     0  startup_stm32f10x_md.o(.text)
    I2C2_ER_IRQHandler                       0x080001bb   Thumb Code     0  startup_stm32f10x_md.o(.text)
    I2C2_EV_IRQHandler                       0x080001bb   Thumb Code     0  startup_stm32f10x_md.o(.text)
    PVD_IRQHandler                           0x080001bb   Thumb Code     0  startup_stm32f10x_md.o(.text)
    RCC_IRQHandler                           0x080001bb   Thumb Code     0  startup_stm32f10x_md.o(.text)
    RTCAlarm_IRQHandler                      0x080001bb   Thumb Code     0  startup_stm32f10x_md.o(.text)
    RTC_IRQHandler                           0x080001bb   Thumb Code     0  startup_stm32f10x_md.o(.text)
    SPI1_IRQHandler                          0x080001bb   Thumb Code     0  startup_stm32f10x_md.o(.text)
    SPI2_IRQHandler                          0x080001bb   Thumb Code     0  startup_stm32f10x_md.o(.text)
    TAMPER_IRQHandler                        0x080001bb   Thumb Code     0  startup_stm32f10x_md.o(.text)
    TIM1_BRK_IRQHandler                      0x080001bb   Thumb Code     0  startup_stm32f10x_md.o(.text)
    TIM1_CC_IRQHandler                       0x080001bb   Thumb Code     0  startup_stm32f10x_md.o(.text)
    TIM1_TRG_COM_IRQHandler                  0x080001bb   Thumb Code     0  startup_stm32f10x_md.o(.text)
    TIM1_UP_IRQHandler                       0x080001bb   Thumb Code     0  startup_stm32f10x_md.o(.text)
    USBWakeUp_IRQHandler                     0x080001bb   Thumb Code     0  startup_stm32f10x_md.o(.text)
    USB_HP_CAN1_TX_IRQHandler                0x080001bb   Thumb Code     0  startup_stm32f10x_md.o(.text)
    USB_LP_CAN1_RX0_IRQHandler               0x080001bb   Thumb Code     0  startup_stm32f10x_md.o(.text)
    WWDG_IRQHandler                          0x080001bb   Thumb Code     0  startup_stm32f10x_md.o(.text)
    __user_initial_stackheap                 0x080001bd   Thumb Code     0  startup_stm32f10x_md.o(.text)
    main                                     0x080001dd   Thumb Code   412  minibalance.o(.text)
    delay_init                               0x08000401   Thumb Code    56  delay.o(.text)
    delay_us                                 0x08000439   Thumb Code    56  delay.o(.text)
    delay_ms                                 0x08000471   Thumb Code    56  delay.o(.text)
    MY_NVIC_SetVectorTable                   0x080004b1   Thumb Code    12  sys.o(.text)
    MY_NVIC_PriorityGroupConfig              0x080004bd   Thumb Code    36  sys.o(.text)
    NVIC_init                                0x080004e1   Thumb Code    38  sys.o(.text)
    MY_NVIC_Init                             0x08000507   Thumb Code   116  sys.o(.text)
    Ex_NVIC_Config                           0x0800057b   Thumb Code   146  sys.o(.text)
    MYRCC_DeInit                             0x0800060d   Thumb Code    90  sys.o(.text)
    Sys_Standby                              0x08000667   Thumb Code    68  sys.o(.text)
    Sys_Soft_Reset                           0x080006ab   Thumb Code    12  sys.o(.text)
    JTAG_Set                                 0x080006b7   Thumb Code    42  sys.o(.text)
    Stm32_Clock_Init                         0x080006e1   Thumb Code   134  sys.o(.text)
    _sys_exit                                0x08000795   Thumb Code     6  usart.o(.text)
    fputc                                    0x0800079b   Thumb Code    24  usart.o(.text)
    usart1_send                              0x080007b3   Thumb Code    22  usart.o(.text)
    uart1_init                               0x080007c9   Thumb Code   152  usart.o(.text)
    USART1_IRQHandler                        0x08000861   Thumb Code   214  usart.o(.text)
    uart3_init                               0x08000937   Thumb Code   158  usart.o(.text)
    uart2_init                               0x080009d5   Thumb Code   154  usart.o(.text)
    USART3_IRQHandler                        0x08000a6f   Thumb Code    86  usart.o(.text)
    USART2_IRQHandler                        0x08000ac5   Thumb Code    86  usart.o(.text)
    LED_Init                                 0x08000b5d   Thumb Code    52  led.o(.text)
    Led_Flash                                0x08000b91   Thumb Code    44  led.o(.text)
    KEY_Init                                 0x08000bd1   Thumb Code    52  key.o(.text)
    KEY_Init_MY                              0x08000c05   Thumb Code    34  key.o(.text)
    EXTI9_5_IRQHandler                       0x08000c27   Thumb Code    36  key.o(.text)
    click_N_Double                           0x08000c4b   Thumb Code   184  key.o(.text)
    click                                    0x08000d03   Thumb Code    52  key.o(.text)
    Long_Press                               0x08000d37   Thumb Code    72  key.o(.text)
    KEY_Scan                                 0x08000d7f   Thumb Code    92  key.o(.text)
    OLED_WR_Byte                             0x08000e1d   Thumb Code    78  oled.o(.text)
    OLED_Refresh_Gram                        0x08000e6b   Thumb Code    70  oled.o(.text)
    OLED_Display_On                          0x08000eb1   Thumb Code    28  oled.o(.text)
    OLED_Display_Off                         0x08000ecd   Thumb Code    28  oled.o(.text)
    OLED_Clear                               0x08000ee9   Thumb Code    42  oled.o(.text)
    OLED_DrawPoint                           0x08000f13   Thumb Code   100  oled.o(.text)
    OLED_ShowChar                            0x08000f77   Thumb Code   158  oled.o(.text)
    oled_pow                                 0x08001015   Thumb Code    22  oled.o(.text)
    OLED_ShowNumber                          0x0800102b   Thumb Code   148  oled.o(.text)
    OLED_ShowString                          0x080010bf   Thumb Code    68  oled.o(.text)
    OLED_Init                                0x08001103   Thumb Code   340  oled.o(.text)
    TIM3_Int_Init                            0x08001259   Thumb Code    60  timer.o(.text)
    TIM3_IRQHandler                          0x08001295   Thumb Code   248  timer.o(.text)
    MPU_IIC_Delay                            0x080013c9   Thumb Code    10  mpuiic.o(.text)
    MPU_IIC_Init                             0x080013d3   Thumb Code    40  mpuiic.o(.text)
    MPU_IIC_Start                            0x080013fb   Thumb Code    64  mpuiic.o(.text)
    MPU_IIC_Stop                             0x0800143b   Thumb Code    66  mpuiic.o(.text)
    MPU_IIC_Wait_Ack                         0x0800147d   Thumb Code    90  mpuiic.o(.text)
    MPU_IIC_Ack                              0x080014d7   Thumb Code    70  mpuiic.o(.text)
    MPU_IIC_NAck                             0x0800151d   Thumb Code    70  mpuiic.o(.text)
    MPU_IIC_Send_Byte                        0x08001563   Thumb Code    86  mpuiic.o(.text)
    MPU_IIC_Read_Byte                        0x080015b9   Thumb Code   100  mpuiic.o(.text)
    MPU_Write_Byte                           0x08001629   Thumb Code    68  mpu6050.o(.text)
    MPU_Set_LPF                              0x0800166d   Thumb Code    58  mpu6050.o(.text)
    MPU_Set_Rate                             0x080016a7   Thumb Code    58  mpu6050.o(.text)
    MPU_Read_Byte                            0x080016e1   Thumb Code    58  mpu6050.o(.text)
    MPU_Set_Accel_Fsr                        0x0800171b   Thumb Code    16  mpu6050.o(.text)
    MPU_Set_Gyro_Fsr                         0x0800172b   Thumb Code    16  mpu6050.o(.text)
    MPU_Init                                 0x0800173b   Thumb Code   122  mpu6050.o(.text)
    MPU_Read_Len                             0x080017b5   Thumb Code   116  mpu6050.o(.text)
    MPU_Get_Temperature                      0x08001829   Thumb Code    86  mpu6050.o(.text)
    MPU_Get_Gyroscope                        0x0800187f   Thumb Code    80  mpu6050.o(.text)
    MPU_Get_Accelerometer                    0x080018cf   Thumb Code    80  mpu6050.o(.text)
    MPU_Write_Len                            0x0800191f   Thumb Code    96  mpu6050.o(.text)
    mpu_reg_dump                             0x08001a1b   Thumb Code    84  inv_mpu.o(.text)
    mpu_read_reg                             0x08001a6f   Thumb Code    66  inv_mpu.o(.text)
    mpu_set_int_latched                      0x08001ab1   Thumb Code   102  inv_mpu.o(.text)
    mpu_set_sensors                          0x08001b17   Thumb Code   202  inv_mpu.o(.text)
    mpu_set_bypass                           0x08001be1   Thumb Code   328  inv_mpu.o(.text)
    mpu_reset_fifo                           0x08001d29   Thumb Code   472  inv_mpu.o(.text)
    mpu_configure_fifo                       0x08001f01   Thumb Code   106  inv_mpu.o(.text)
    mpu_set_lpf                              0x08001f6b   Thumb Code   126  inv_mpu.o(.text)
    mpu_lp_accel_mode                        0x08001fe9   Thumb Code   218  inv_mpu.o(.text)
    mpu_set_sample_rate                      0x080020c3   Thumb Code   152  inv_mpu.o(.text)
    mpu_set_accel_fsr                        0x0800215b   Thumb Code   132  inv_mpu.o(.text)
    mpu_set_gyro_fsr                         0x080021df   Thumb Code   132  inv_mpu.o(.text)
    mpu_init                                 0x08002263   Thumb Code   416  inv_mpu.o(.text)
    mget_ms                                  0x08002403   Thumb Code     2  inv_mpu.o(.text)
    mpu_get_gyro_reg                         0x08002405   Thumb Code   110  inv_mpu.o(.text)
    mpu_get_accel_reg                        0x08002473   Thumb Code   110  inv_mpu.o(.text)
    mpu_get_temperature                      0x080024e1   Thumb Code   150  inv_mpu.o(.text)
    mpu_set_accel_bias                       0x08002577   Thumb Code   468  inv_mpu.o(.text)
    mpu_get_gyro_fsr                         0x0800274b   Thumb Code    64  inv_mpu.o(.text)
    mpu_get_accel_fsr                        0x0800278b   Thumb Code    72  inv_mpu.o(.text)
    mpu_get_lpf                              0x080027d3   Thumb Code    74  inv_mpu.o(.text)
    mpu_get_sample_rate                      0x0800281d   Thumb Code    26  inv_mpu.o(.text)
    mpu_get_compass_sample_rate              0x08002837   Thumb Code    10  inv_mpu.o(.text)
    mpu_set_compass_sample_rate              0x08002841   Thumb Code     8  inv_mpu.o(.text)
    mpu_get_gyro_sens                        0x08002849   Thumb Code    58  inv_mpu.o(.text)
    mpu_get_accel_sens                       0x08002883   Thumb Code    78  inv_mpu.o(.text)
    mpu_get_fifo_config                      0x080028d1   Thumb Code    12  inv_mpu.o(.text)
    mpu_get_power_state                      0x080028dd   Thumb Code    22  inv_mpu.o(.text)
    mpu_get_int_status                       0x080028f3   Thumb Code    64  inv_mpu.o(.text)
    mpu_read_fifo                            0x08002933   Thumb Code   520  inv_mpu.o(.text)
    mpu_read_fifo_stream                     0x08002b3b   Thumb Code   186  inv_mpu.o(.text)
    mpu_set_int_level                        0x08002bf5   Thumb Code    12  inv_mpu.o(.text)
    mpu_set_dmp_state                        0x080032d5   Thumb Code   138  inv_mpu.o(.text)
    mpu_run_self_test                        0x0800335f   Thumb Code   278  inv_mpu.o(.text)
    mpu_write_mem                            0x08003475   Thumb Code   122  inv_mpu.o(.text)
    mpu_read_mem                             0x080034ef   Thumb Code   122  inv_mpu.o(.text)
    mpu_load_firmware                        0x08003569   Thumb Code   190  inv_mpu.o(.text)
    mpu_get_dmp_state                        0x08003627   Thumb Code    14  inv_mpu.o(.text)
    setup_compass                            0x08003635   Thumb Code     6  inv_mpu.o(.text)
    mpu_get_compass_reg                      0x0800363b   Thumb Code     8  inv_mpu.o(.text)
    mpu_get_compass_fsr                      0x08003643   Thumb Code     8  inv_mpu.o(.text)
    mpu_lp_motion_interrupt                  0x0800364b   Thumb Code   512  inv_mpu.o(.text)
    run_self_test                            0x0800384b   Thumb Code   148  inv_mpu.o(.text)
    inv_row_2_scale                          0x080038df   Thumb Code    78  inv_mpu.o(.text)
    inv_orientation_matrix_to_scalar         0x0800392d   Thumb Code    40  inv_mpu.o(.text)
    mpu_dmp_init                             0x08003955   Thumb Code   150  inv_mpu.o(.text)
    mpu_dmp_get_data                         0x080039eb   Thumb Code   554  inv_mpu.o(.text)
    dmp_load_motion_driver_firmware          0x08003c19   Thumb Code    20  inv_mpu_dmp_motion_driver.o(.text)
    dmp_set_orientation                      0x08003c2d   Thumb Code   290  inv_mpu_dmp_motion_driver.o(.text)
    dmp_set_gyro_bias                        0x08003d4f   Thumb Code   294  inv_mpu_dmp_motion_driver.o(.text)
    dmp_set_accel_bias                       0x08003e75   Thumb Code   300  inv_mpu_dmp_motion_driver.o(.text)
    dmp_set_fifo_rate                        0x08003fa1   Thumb Code   136  inv_mpu_dmp_motion_driver.o(.text)
    dmp_get_fifo_rate                        0x08004029   Thumb Code    12  inv_mpu_dmp_motion_driver.o(.text)
    dmp_set_tap_thresh                       0x08004035   Thumb Code   396  inv_mpu_dmp_motion_driver.o(.text)
    dmp_set_tap_axes                         0x080041c1   Thumb Code    70  inv_mpu_dmp_motion_driver.o(.text)
    dmp_set_tap_count                        0x08004207   Thumb Code    38  inv_mpu_dmp_motion_driver.o(.text)
    dmp_set_tap_time                         0x0800422d   Thumb Code    38  inv_mpu_dmp_motion_driver.o(.text)
    dmp_set_tap_time_multi                   0x08004253   Thumb Code    38  inv_mpu_dmp_motion_driver.o(.text)
    dmp_set_shake_reject_thresh              0x08004279   Thumb Code    56  inv_mpu_dmp_motion_driver.o(.text)
    dmp_set_shake_reject_time                0x080042b1   Thumb Code    38  inv_mpu_dmp_motion_driver.o(.text)
    dmp_set_shake_reject_timeout             0x080042d7   Thumb Code    38  inv_mpu_dmp_motion_driver.o(.text)
    dmp_get_pedometer_step_count             0x080042fd   Thumb Code    66  inv_mpu_dmp_motion_driver.o(.text)
    dmp_set_pedometer_step_count             0x0800433f   Thumb Code    42  inv_mpu_dmp_motion_driver.o(.text)
    dmp_get_pedometer_walk_time              0x08004369   Thumb Code    72  inv_mpu_dmp_motion_driver.o(.text)
    dmp_set_pedometer_walk_time              0x080043b1   Thumb Code    48  inv_mpu_dmp_motion_driver.o(.text)
    dmp_enable_6x_lp_quat                    0x080043e1   Thumb Code    84  inv_mpu_dmp_motion_driver.o(.text)
    dmp_enable_lp_quat                       0x08004435   Thumb Code    60  inv_mpu_dmp_motion_driver.o(.text)
    dmp_enable_gyro_cal                      0x08004471   Thumb Code    62  inv_mpu_dmp_motion_driver.o(.text)
    dmp_enable_feature                       0x080044af   Thumb Code   530  inv_mpu_dmp_motion_driver.o(.text)
    dmp_get_enabled_features                 0x080046c1   Thumb Code    12  inv_mpu_dmp_motion_driver.o(.text)
    dmp_set_interrupt_mode                   0x0800472b   Thumb Code    66  inv_mpu_dmp_motion_driver.o(.text)
    dmp_read_fifo                            0x0800476d   Thumb Code   514  inv_mpu_dmp_motion_driver.o(.text)
    dmp_register_tap_cb                      0x0800496f   Thumb Code    10  inv_mpu_dmp_motion_driver.o(.text)
    dmp_register_android_orient_cb           0x08004979   Thumb Code    10  inv_mpu_dmp_motion_driver.o(.text)
    TIM1_PWM_Init                            0x08004989   Thumb Code   160  pwm.o(.text)
    Motor_Init                               0x08004a31   Thumb Code    40  motor.o(.text)
    Motor_Stop                               0x08004a59   Thumb Code    34  motor.o(.text)
    myabs                                    0x08004a7b   Thumb Code    14  motor.o(.text)
    Set_Pwm                                  0x08004a89   Thumb Code   106  motor.o(.text)
    Xianfu_Pwm                               0x08004af3   Thumb Code    62  motor.o(.text)
    balance                                  0x08004b31   Thumb Code    56  motor.o(.text)
    velocity                                 0x08004b69   Thumb Code   472  motor.o(.text)
    turn                                     0x08004d41   Thumb Code   720  motor.o(.text)
    Encoder_Init_TIM2                        0x08005045   Thumb Code   154  encode.o(.text)
    Encoder_Init_TIM4                        0x080050df   Thumb Code   148  encode.o(.text)
    Read_Encoder                             0x08005173   Thumb Code    74  encode.o(.text)
    TIM4_IRQHandler                          0x080051bd   Thumb Code    24  encode.o(.text)
    TIM2_IRQHandler                          0x080051d5   Thumb Code    24  encode.o(.text)
    Adc_Init                                 0x080051fd   Thumb Code   132  adc.o(.text)
    Get_Adc                                  0x08005281   Thumb Code    46  adc.o(.text)
    Get_battery_volt                         0x080052af   Thumb Code    78  adc.o(.text)
    NVIC_PriorityGroupConfig                 0x08005315   Thumb Code    10  misc.o(.text)
    NVIC_Init                                0x0800531f   Thumb Code   100  misc.o(.text)
    NVIC_SetVectorTable                      0x08005383   Thumb Code    14  misc.o(.text)
    NVIC_SystemLPConfig                      0x08005391   Thumb Code    34  misc.o(.text)
    SysTick_CLKSourceConfig                  0x080053b3   Thumb Code    40  misc.o(.text)
    GPIO_DeInit                              0x080053f1   Thumb Code   172  stm32f10x_gpio.o(.text)
    GPIO_AFIODeInit                          0x0800549d   Thumb Code    20  stm32f10x_gpio.o(.text)
    GPIO_Init                                0x080054b1   Thumb Code   278  stm32f10x_gpio.o(.text)
    GPIO_StructInit                          0x080055c7   Thumb Code    16  stm32f10x_gpio.o(.text)
    GPIO_ReadInputDataBit                    0x080055d7   Thumb Code    18  stm32f10x_gpio.o(.text)
    GPIO_ReadInputData                       0x080055e9   Thumb Code     8  stm32f10x_gpio.o(.text)
    GPIO_ReadOutputDataBit                   0x080055f1   Thumb Code    18  stm32f10x_gpio.o(.text)
    GPIO_ReadOutputData                      0x08005603   Thumb Code     8  stm32f10x_gpio.o(.text)
    GPIO_SetBits                             0x0800560b   Thumb Code     4  stm32f10x_gpio.o(.text)
    GPIO_ResetBits                           0x0800560f   Thumb Code     4  stm32f10x_gpio.o(.text)
    GPIO_WriteBit                            0x08005613   Thumb Code    10  stm32f10x_gpio.o(.text)
    GPIO_Write                               0x0800561d   Thumb Code     4  stm32f10x_gpio.o(.text)
    GPIO_PinLockConfig                       0x08005621   Thumb Code    18  stm32f10x_gpio.o(.text)
    GPIO_EventOutputConfig                   0x08005633   Thumb Code    26  stm32f10x_gpio.o(.text)
    GPIO_EventOutputCmd                      0x0800564d   Thumb Code     6  stm32f10x_gpio.o(.text)
    GPIO_PinRemapConfig                      0x08005653   Thumb Code   138  stm32f10x_gpio.o(.text)
    GPIO_EXTILineConfig                      0x080056dd   Thumb Code    66  stm32f10x_gpio.o(.text)
    GPIO_ETH_MediaInterfaceConfig            0x0800571f   Thumb Code     8  stm32f10x_gpio.o(.text)
    RCC_DeInit                               0x0800574d   Thumb Code    64  stm32f10x_rcc.o(.text)
    RCC_HSEConfig                            0x0800578d   Thumb Code    70  stm32f10x_rcc.o(.text)
    RCC_GetFlagStatus                        0x080057d3   Thumb Code    56  stm32f10x_rcc.o(.text)
    RCC_WaitForHSEStartUp                    0x0800580b   Thumb Code    56  stm32f10x_rcc.o(.text)
    RCC_AdjustHSICalibrationValue            0x08005843   Thumb Code    20  stm32f10x_rcc.o(.text)
    RCC_HSICmd                               0x08005857   Thumb Code     6  stm32f10x_rcc.o(.text)
    RCC_PLLConfig                            0x0800585d   Thumb Code    24  stm32f10x_rcc.o(.text)
    RCC_PLLCmd                               0x08005875   Thumb Code     6  stm32f10x_rcc.o(.text)
    RCC_SYSCLKConfig                         0x0800587b   Thumb Code    18  stm32f10x_rcc.o(.text)
    RCC_GetSYSCLKSource                      0x0800588d   Thumb Code    10  stm32f10x_rcc.o(.text)
    RCC_HCLKConfig                           0x08005897   Thumb Code    18  stm32f10x_rcc.o(.text)
    RCC_PCLK1Config                          0x080058a9   Thumb Code    18  stm32f10x_rcc.o(.text)
    RCC_PCLK2Config                          0x080058bb   Thumb Code    20  stm32f10x_rcc.o(.text)
    RCC_ITConfig                             0x080058cf   Thumb Code    26  stm32f10x_rcc.o(.text)
    RCC_USBCLKConfig                         0x080058e9   Thumb Code     8  stm32f10x_rcc.o(.text)
    RCC_ADCCLKConfig                         0x080058f1   Thumb Code    18  stm32f10x_rcc.o(.text)
    RCC_LSEConfig                            0x08005903   Thumb Code    50  stm32f10x_rcc.o(.text)
    RCC_LSICmd                               0x08005935   Thumb Code     6  stm32f10x_rcc.o(.text)
    RCC_RTCCLKConfig                         0x0800593b   Thumb Code    12  stm32f10x_rcc.o(.text)
    RCC_RTCCLKCmd                            0x08005947   Thumb Code     8  stm32f10x_rcc.o(.text)
    RCC_GetClocksFreq                        0x0800594f   Thumb Code   192  stm32f10x_rcc.o(.text)
    RCC_AHBPeriphClockCmd                    0x08005a0f   Thumb Code    26  stm32f10x_rcc.o(.text)
    RCC_APB2PeriphClockCmd                   0x08005a29   Thumb Code    26  stm32f10x_rcc.o(.text)
    RCC_APB1PeriphClockCmd                   0x08005a43   Thumb Code    26  stm32f10x_rcc.o(.text)
    RCC_APB2PeriphResetCmd                   0x08005a5d   Thumb Code    26  stm32f10x_rcc.o(.text)
    RCC_APB1PeriphResetCmd                   0x08005a77   Thumb Code    26  stm32f10x_rcc.o(.text)
    RCC_BackupResetCmd                       0x08005a91   Thumb Code     8  stm32f10x_rcc.o(.text)
    RCC_ClockSecuritySystemCmd               0x08005a99   Thumb Code     6  stm32f10x_rcc.o(.text)
    RCC_MCOConfig                            0x08005a9f   Thumb Code     6  stm32f10x_rcc.o(.text)
    RCC_ClearFlag                            0x08005aa5   Thumb Code    14  stm32f10x_rcc.o(.text)
    RCC_GetITStatus                          0x08005ab3   Thumb Code    20  stm32f10x_rcc.o(.text)
    RCC_ClearITPendingBit                    0x08005ac7   Thumb Code     6  stm32f10x_rcc.o(.text)
    TIM_DeInit                               0x08005af1   Thumb Code   424  stm32f10x_tim.o(.text)
    TIM_TimeBaseInit                         0x08005c99   Thumb Code   122  stm32f10x_tim.o(.text)
    TIM_OC1Init                              0x08005d13   Thumb Code   132  stm32f10x_tim.o(.text)
    TIM_OC2Init                              0x08005d97   Thumb Code   154  stm32f10x_tim.o(.text)
    TIM_OC3Init                              0x08005e31   Thumb Code   150  stm32f10x_tim.o(.text)
    TIM_OC4Init                              0x08005ec7   Thumb Code   182  stm32f10x_tim.o(.text)
    TIM_SetIC4Prescaler                      0x08005f7d   Thumb Code    26  stm32f10x_tim.o(.text)
    TIM_SetIC3Prescaler                      0x08006019   Thumb Code    18  stm32f10x_tim.o(.text)
    TIM_SetIC2Prescaler                      0x080060a5   Thumb Code    26  stm32f10x_tim.o(.text)
    TIM_SetIC1Prescaler                      0x08006141   Thumb Code    18  stm32f10x_tim.o(.text)
    TIM_ICInit                               0x080061bf   Thumb Code   150  stm32f10x_tim.o(.text)
    TIM_PWMIConfig                           0x08006255   Thumb Code   124  stm32f10x_tim.o(.text)
    TIM_BDTRConfig                           0x080062d1   Thumb Code    32  stm32f10x_tim.o(.text)
    TIM_TimeBaseStructInit                   0x080062f1   Thumb Code    18  stm32f10x_tim.o(.text)
    TIM_OCStructInit                         0x08006303   Thumb Code    20  stm32f10x_tim.o(.text)
    TIM_ICStructInit                         0x08006317   Thumb Code    18  stm32f10x_tim.o(.text)
    TIM_BDTRStructInit                       0x08006329   Thumb Code    40  stm32f10x_tim.o(.text)
    TIM_Cmd                                  0x08006351   Thumb Code    24  stm32f10x_tim.o(.text)
    TIM_CtrlPWMOutputs                       0x08006369   Thumb Code    30  stm32f10x_tim.o(.text)
    TIM_ITConfig                             0x08006387   Thumb Code    18  stm32f10x_tim.o(.text)
    TIM_GenerateEvent                        0x08006399   Thumb Code     4  stm32f10x_tim.o(.text)
    TIM_DMAConfig                            0x0800639d   Thumb Code    10  stm32f10x_tim.o(.text)
    TIM_DMACmd                               0x080063a7   Thumb Code    18  stm32f10x_tim.o(.text)
    TIM_InternalClockConfig                  0x080063b9   Thumb Code    12  stm32f10x_tim.o(.text)
    TIM_SelectInputTrigger                   0x080063c5   Thumb Code    18  stm32f10x_tim.o(.text)
    TIM_ITRxExternalClockConfig              0x080063d7   Thumb Code    24  stm32f10x_tim.o(.text)
    TIM_TIxExternalClockConfig               0x080063ef   Thumb Code    62  stm32f10x_tim.o(.text)
    TIM_ETRConfig                            0x0800642d   Thumb Code    28  stm32f10x_tim.o(.text)
    TIM_ETRClockMode1Config                  0x08006449   Thumb Code    54  stm32f10x_tim.o(.text)
    TIM_ETRClockMode2Config                  0x0800647f   Thumb Code    32  stm32f10x_tim.o(.text)
    TIM_PrescalerConfig                      0x0800649f   Thumb Code     6  stm32f10x_tim.o(.text)
    TIM_CounterModeConfig                    0x080064a5   Thumb Code    18  stm32f10x_tim.o(.text)
    TIM_EncoderInterfaceConfig               0x080064b7   Thumb Code    66  stm32f10x_tim.o(.text)
    TIM_ForcedOC1Config                      0x080064f9   Thumb Code    18  stm32f10x_tim.o(.text)
    TIM_ForcedOC2Config                      0x0800650b   Thumb Code    26  stm32f10x_tim.o(.text)
    TIM_ForcedOC3Config                      0x08006525   Thumb Code    18  stm32f10x_tim.o(.text)
    TIM_ForcedOC4Config                      0x08006537   Thumb Code    26  stm32f10x_tim.o(.text)
    TIM_ARRPreloadConfig                     0x08006551   Thumb Code    24  stm32f10x_tim.o(.text)
    TIM_SelectCOM                            0x08006569   Thumb Code    24  stm32f10x_tim.o(.text)
    TIM_SelectCCDMA                          0x08006581   Thumb Code    24  stm32f10x_tim.o(.text)
    TIM_CCPreloadControl                     0x08006599   Thumb Code    24  stm32f10x_tim.o(.text)
    TIM_OC1PreloadConfig                     0x080065b1   Thumb Code    18  stm32f10x_tim.o(.text)
    TIM_OC2PreloadConfig                     0x080065c3   Thumb Code    26  stm32f10x_tim.o(.text)
    TIM_OC3PreloadConfig                     0x080065dd   Thumb Code    18  stm32f10x_tim.o(.text)
    TIM_OC4PreloadConfig                     0x080065ef   Thumb Code    26  stm32f10x_tim.o(.text)
    TIM_OC1FastConfig                        0x08006609   Thumb Code    18  stm32f10x_tim.o(.text)
    TIM_OC2FastConfig                        0x0800661b   Thumb Code    26  stm32f10x_tim.o(.text)
    TIM_OC3FastConfig                        0x08006635   Thumb Code    18  stm32f10x_tim.o(.text)
    TIM_OC4FastConfig                        0x08006647   Thumb Code    26  stm32f10x_tim.o(.text)
    TIM_ClearOC1Ref                          0x08006661   Thumb Code    18  stm32f10x_tim.o(.text)
    TIM_ClearOC2Ref                          0x08006673   Thumb Code    24  stm32f10x_tim.o(.text)
    TIM_ClearOC3Ref                          0x0800668b   Thumb Code    18  stm32f10x_tim.o(.text)
    TIM_ClearOC4Ref                          0x0800669d   Thumb Code    24  stm32f10x_tim.o(.text)
    TIM_OC1PolarityConfig                    0x080066b5   Thumb Code    18  stm32f10x_tim.o(.text)
    TIM_OC1NPolarityConfig                   0x080066c7   Thumb Code    18  stm32f10x_tim.o(.text)
    TIM_OC2PolarityConfig                    0x080066d9   Thumb Code    26  stm32f10x_tim.o(.text)
    TIM_OC2NPolarityConfig                   0x080066f3   Thumb Code    26  stm32f10x_tim.o(.text)
    TIM_OC3PolarityConfig                    0x0800670d   Thumb Code    26  stm32f10x_tim.o(.text)
    TIM_OC3NPolarityConfig                   0x08006727   Thumb Code    26  stm32f10x_tim.o(.text)
    TIM_OC4PolarityConfig                    0x08006741   Thumb Code    26  stm32f10x_tim.o(.text)
    TIM_CCxCmd                               0x0800675b   Thumb Code    30  stm32f10x_tim.o(.text)
    TIM_CCxNCmd                              0x08006779   Thumb Code    30  stm32f10x_tim.o(.text)
    TIM_SelectOCxM                           0x08006797   Thumb Code    82  stm32f10x_tim.o(.text)
    TIM_UpdateDisableConfig                  0x080067e9   Thumb Code    24  stm32f10x_tim.o(.text)
    TIM_UpdateRequestConfig                  0x08006801   Thumb Code    24  stm32f10x_tim.o(.text)
    TIM_SelectHallSensor                     0x08006819   Thumb Code    24  stm32f10x_tim.o(.text)
    TIM_SelectOnePulseMode                   0x08006831   Thumb Code    18  stm32f10x_tim.o(.text)
    TIM_SelectOutputTrigger                  0x08006843   Thumb Code    18  stm32f10x_tim.o(.text)
    TIM_SelectSlaveMode                      0x08006855   Thumb Code    18  stm32f10x_tim.o(.text)
    TIM_SelectMasterSlaveMode                0x08006867   Thumb Code    18  stm32f10x_tim.o(.text)
    TIM_SetCounter                           0x08006879   Thumb Code     4  stm32f10x_tim.o(.text)
    TIM_SetAutoreload                        0x0800687d   Thumb Code     4  stm32f10x_tim.o(.text)
    TIM_SetCompare1                          0x08006881   Thumb Code     4  stm32f10x_tim.o(.text)
    TIM_SetCompare2                          0x08006885   Thumb Code     4  stm32f10x_tim.o(.text)
    TIM_SetCompare3                          0x08006889   Thumb Code     4  stm32f10x_tim.o(.text)
    TIM_SetCompare4                          0x0800688d   Thumb Code     6  stm32f10x_tim.o(.text)
    TIM_SetClockDivision                     0x08006893   Thumb Code    18  stm32f10x_tim.o(.text)
    TIM_GetCapture1                          0x080068a5   Thumb Code     6  stm32f10x_tim.o(.text)
    TIM_GetCapture2                          0x080068ab   Thumb Code     6  stm32f10x_tim.o(.text)
    TIM_GetCapture3                          0x080068b1   Thumb Code     6  stm32f10x_tim.o(.text)
    TIM_GetCapture4                          0x080068b7   Thumb Code     8  stm32f10x_tim.o(.text)
    TIM_GetCounter                           0x080068bf   Thumb Code     6  stm32f10x_tim.o(.text)
    TIM_GetPrescaler                         0x080068c5   Thumb Code     6  stm32f10x_tim.o(.text)
    TIM_GetFlagStatus                        0x080068cb   Thumb Code    18  stm32f10x_tim.o(.text)
    TIM_ClearFlag                            0x080068dd   Thumb Code     6  stm32f10x_tim.o(.text)
    TIM_GetITStatus                          0x080068e3   Thumb Code    34  stm32f10x_tim.o(.text)
    TIM_ClearITPendingBit                    0x08006905   Thumb Code     6  stm32f10x_tim.o(.text)
    USART_DeInit                             0x0800690d   Thumb Code   134  stm32f10x_usart.o(.text)
    USART_Init                               0x08006993   Thumb Code   210  stm32f10x_usart.o(.text)
    USART_StructInit                         0x08006a65   Thumb Code    24  stm32f10x_usart.o(.text)
    USART_ClockInit                          0x08006a7d   Thumb Code    34  stm32f10x_usart.o(.text)
    USART_ClockStructInit                    0x08006a9f   Thumb Code    12  stm32f10x_usart.o(.text)
    USART_Cmd                                0x08006aab   Thumb Code    24  stm32f10x_usart.o(.text)
    USART_ITConfig                           0x08006ac3   Thumb Code    74  stm32f10x_usart.o(.text)
    USART_DMACmd                             0x08006b0d   Thumb Code    18  stm32f10x_usart.o(.text)
    USART_SetAddress                         0x08006b1f   Thumb Code    18  stm32f10x_usart.o(.text)
    USART_WakeUpConfig                       0x08006b31   Thumb Code    18  stm32f10x_usart.o(.text)
    USART_ReceiverWakeUpCmd                  0x08006b43   Thumb Code    24  stm32f10x_usart.o(.text)
    USART_LINBreakDetectLengthConfig         0x08006b5b   Thumb Code    18  stm32f10x_usart.o(.text)
    USART_LINCmd                             0x08006b6d   Thumb Code    24  stm32f10x_usart.o(.text)
    USART_SendData                           0x08006b85   Thumb Code     8  stm32f10x_usart.o(.text)
    USART_ReceiveData                        0x08006b8d   Thumb Code    10  stm32f10x_usart.o(.text)
    USART_SendBreak                          0x08006b97   Thumb Code    10  stm32f10x_usart.o(.text)
    USART_SetGuardTime                       0x08006ba1   Thumb Code    16  stm32f10x_usart.o(.text)
    USART_SetPrescaler                       0x08006bb1   Thumb Code    16  stm32f10x_usart.o(.text)
    USART_SmartCardCmd                       0x08006bc1   Thumb Code    24  stm32f10x_usart.o(.text)
    USART_SmartCardNACKCmd                   0x08006bd9   Thumb Code    24  stm32f10x_usart.o(.text)
    USART_HalfDuplexCmd                      0x08006bf1   Thumb Code    24  stm32f10x_usart.o(.text)
    USART_OverSampling8Cmd                   0x08006c09   Thumb Code    22  stm32f10x_usart.o(.text)
    USART_OneBitMethodCmd                    0x08006c1f   Thumb Code    24  stm32f10x_usart.o(.text)
    USART_IrDAConfig                         0x08006c37   Thumb Code    18  stm32f10x_usart.o(.text)
    USART_IrDACmd                            0x08006c49   Thumb Code    24  stm32f10x_usart.o(.text)
    USART_GetFlagStatus                      0x08006c61   Thumb Code    26  stm32f10x_usart.o(.text)
    USART_ClearFlag                          0x08006c7b   Thumb Code    18  stm32f10x_usart.o(.text)
    USART_GetITStatus                        0x08006c8d   Thumb Code    84  stm32f10x_usart.o(.text)
    USART_ClearITPendingBit                  0x08006ce1   Thumb Code    52  stm32f10x_usart.o(.text)
    ADC_DeInit                               0x08006d15   Thumb Code    78  stm32f10x_adc.o(.text)
    ADC_Init                                 0x08006d63   Thumb Code    70  stm32f10x_adc.o(.text)
    ADC_StructInit                           0x08006da9   Thumb Code    18  stm32f10x_adc.o(.text)
    ADC_Cmd                                  0x08006dbb   Thumb Code    22  stm32f10x_adc.o(.text)
    ADC_DMACmd                               0x08006dd1   Thumb Code    22  stm32f10x_adc.o(.text)
    ADC_ITConfig                             0x08006de7   Thumb Code    24  stm32f10x_adc.o(.text)
    ADC_ResetCalibration                     0x08006dff   Thumb Code    10  stm32f10x_adc.o(.text)
    ADC_GetResetCalibrationStatus            0x08006e09   Thumb Code    20  stm32f10x_adc.o(.text)
    ADC_StartCalibration                     0x08006e1d   Thumb Code    10  stm32f10x_adc.o(.text)
    ADC_GetCalibrationStatus                 0x08006e27   Thumb Code    20  stm32f10x_adc.o(.text)
    ADC_SoftwareStartConvCmd                 0x08006e3b   Thumb Code    22  stm32f10x_adc.o(.text)
    ADC_GetSoftwareStartConvStatus           0x08006e51   Thumb Code    20  stm32f10x_adc.o(.text)
    ADC_DiscModeChannelCountConfig           0x08006e65   Thumb Code    24  stm32f10x_adc.o(.text)
    ADC_DiscModeCmd                          0x08006e7d   Thumb Code    22  stm32f10x_adc.o(.text)
    ADC_RegularChannelConfig                 0x08006e93   Thumb Code   184  stm32f10x_adc.o(.text)
    ADC_ExternalTrigConvCmd                  0x08006f4b   Thumb Code    22  stm32f10x_adc.o(.text)
    ADC_GetConversionValue                   0x08006f61   Thumb Code     8  stm32f10x_adc.o(.text)
    ADC_GetDualModeConversionValue           0x08006f69   Thumb Code     8  stm32f10x_adc.o(.text)
    ADC_AutoInjectedConvCmd                  0x08006f71   Thumb Code    22  stm32f10x_adc.o(.text)
    ADC_InjectedDiscModeCmd                  0x08006f87   Thumb Code    22  stm32f10x_adc.o(.text)
    ADC_ExternalTrigInjectedConvConfig       0x08006f9d   Thumb Code    16  stm32f10x_adc.o(.text)
    ADC_ExternalTrigInjectedConvCmd          0x08006fad   Thumb Code    22  stm32f10x_adc.o(.text)
    ADC_SoftwareStartInjectedConvCmd         0x08006fc3   Thumb Code    22  stm32f10x_adc.o(.text)
    ADC_GetSoftwareStartInjectedConvCmdStatus 0x08006fd9   Thumb Code    20  stm32f10x_adc.o(.text)
    ADC_InjectedChannelConfig                0x08006fed   Thumb Code   130  stm32f10x_adc.o(.text)
    ADC_InjectedSequencerLengthConfig        0x0800706f   Thumb Code    24  stm32f10x_adc.o(.text)
    ADC_SetInjectedOffset                    0x08007087   Thumb Code    20  stm32f10x_adc.o(.text)
    ADC_GetInjectedConversionValue           0x0800709b   Thumb Code    28  stm32f10x_adc.o(.text)
    ADC_AnalogWatchdogCmd                    0x080070b7   Thumb Code    16  stm32f10x_adc.o(.text)
    ADC_AnalogWatchdogThresholdsConfig       0x080070c7   Thumb Code     6  stm32f10x_adc.o(.text)
    ADC_AnalogWatchdogSingleChannelConfig    0x080070cd   Thumb Code    16  stm32f10x_adc.o(.text)
    ADC_TempSensorVrefintCmd                 0x080070dd   Thumb Code    64  stm32f10x_adc.o(.text)
    ADC_GetFlagStatus                        0x0800711d   Thumb Code    18  stm32f10x_adc.o(.text)
    ADC_ClearFlag                            0x0800712f   Thumb Code     6  stm32f10x_adc.o(.text)
    ADC_GetITStatus                          0x08007135   Thumb Code    36  stm32f10x_adc.o(.text)
    ADC_ClearITPendingBit                    0x08007159   Thumb Code    10  stm32f10x_adc.o(.text)
    __use_no_semihosting                     0x08007163   Thumb Code     2  use_no_semi_2.o(.text)
    __aeabi_ldivmod                          0x08007165   Thumb Code     0  llsdiv.o(.text)
    _ll_sdiv                                 0x08007165   Thumb Code    72  llsdiv.o(.text)
    __2printf                                0x080071ad   Thumb Code    20  noretval__2printf.o(.text)
    _printf_pre_padding                      0x080071c5   Thumb Code    44  _printf_pad.o(.text)
    _printf_post_padding                     0x080071f1   Thumb Code    34  _printf_pad.o(.text)
    _printf_int_dec                          0x08007215   Thumb Code   104  _printf_dec.o(.text)
    _printf_int_hex                          0x0800728d   Thumb Code    84  _printf_hex_int.o(.text)
    _printf_longlong_hex                     0x0800728d   Thumb Code     0  _printf_hex_int.o(.text)
    __printf                                 0x080072e5   Thumb Code   308  __printf_flags_wp.o(.text)
    memcmp                                   0x0800741d   Thumb Code    88  memcmp.o(.text)
    __aeabi_memset                           0x08007475   Thumb Code    16  aeabi_memset.o(.text)
    __use_two_region_memory                  0x08007485   Thumb Code     2  heapauxi.o(.text)
    __rt_heap_escrow$2region                 0x08007487   Thumb Code     2  heapauxi.o(.text)
    __rt_heap_expand$2region                 0x08007489   Thumb Code     2  heapauxi.o(.text)
    __I$use$semihosting                      0x0800748b   Thumb Code     0  use_no_semi.o(.text)
    __use_no_semihosting_swi                 0x0800748b   Thumb Code     2  use_no_semi.o(.text)
    __aeabi_uldivmod                         0x0800748d   Thumb Code     0  lludivv7m.o(.text)
    _ll_udiv                                 0x0800748d   Thumb Code   238  lludivv7m.o(.text)
    __read_errno                             0x0800757b   Thumb Code    10  _rserrno.o(.text)
    __set_errno                              0x08007585   Thumb Code    12  _rserrno.o(.text)
    _printf_int_common                       0x08007591   Thumb Code   178  _printf_intcommon.o(.text)
    _printf_char_file                        0x08007645   Thumb Code    32  _printf_char_file.o(.text)
    __aeabi_memclr                           0x08007669   Thumb Code     0  rt_memclr.o(.text)
    __rt_memclr                              0x08007669   Thumb Code    68  rt_memclr.o(.text)
    _memset                                  0x0800766d   Thumb Code     0  rt_memclr.o(.text)
    __aeabi_errno_addr                       0x080076ad   Thumb Code     8  rt_errno_addr_intlibspace.o(.text)
    __errno$intlibspace                      0x080076ad   Thumb Code     0  rt_errno_addr_intlibspace.o(.text)
    __rt_errno_addr$intlibspace              0x080076ad   Thumb Code     0  rt_errno_addr_intlibspace.o(.text)
    _printf_char_common                      0x080076bf   Thumb Code    32  _printf_char_common.o(.text)
    ferror                                   0x080076e5   Thumb Code     8  ferror.o(.text)
    __aeabi_memclr4                          0x080076ed   Thumb Code     0  rt_memclr_w.o(.text)
    __aeabi_memclr8                          0x080076ed   Thumb Code     0  rt_memclr_w.o(.text)
    __rt_memclr_w                            0x080076ed   Thumb Code    78  rt_memclr_w.o(.text)
    _memset_w                                0x080076f1   Thumb Code     0  rt_memclr_w.o(.text)
    __user_libspace                          0x0800773d   Thumb Code     8  libspace.o(.text)
    __user_perproc_libspace                  0x0800773d   Thumb Code     0  libspace.o(.text)
    __user_perthread_libspace                0x0800773d   Thumb Code     0  libspace.o(.text)
    __user_setup_stackheap                   0x08007745   Thumb Code    74  sys_stackheap_outer.o(.text)
    exit                                     0x0800778f   Thumb Code    12  exit.o(.text)
    __ARM_fpclassify                         0x0800779b   Thumb Code    40  fpclassify.o(i.__ARM_fpclassify)
    __kernel_poly                            0x080077c3   Thumb Code   170  poly.o(i.__kernel_poly)
    __mathlib_dbl_infnan                     0x0800786d   Thumb Code     6  dunder.o(i.__mathlib_dbl_infnan)
    __mathlib_dbl_infnan2                    0x08007873   Thumb Code     4  dunder.o(i.__mathlib_dbl_infnan2)
    __mathlib_dbl_invalid                    0x08007877   Thumb Code    12  dunder.o(i.__mathlib_dbl_invalid)
    __mathlib_dbl_underflow                  0x08007885   Thumb Code    10  dunder.o(i.__mathlib_dbl_underflow)
    _is_digit                                0x08007895   Thumb Code    14  __printf_wp.o(i._is_digit)
    asin                                     0x080078a5   Thumb Code   572  asin.o(i.asin)
    atan                                     0x08007b15   Thumb Code   474  atan.o(i.atan)
    atan2                                    0x08007d35   Thumb Code   346  atan2.o(i.atan2)
    sqrt                                     0x08007eb5   Thumb Code    76  sqrt.o(i.sqrt)
    __aeabi_d2f                              0x08007f01   Thumb Code     0  d2f.o(x$fpl$d2f)
    _d2f                                     0x08007f01   Thumb Code    98  d2f.o(x$fpl$d2f)
    __aeabi_dadd                             0x08007f65   Thumb Code     0  daddsub_clz.o(x$fpl$dadd)
    _dadd                                    0x08007f65   Thumb Code   332  daddsub_clz.o(x$fpl$dadd)
    __fpl_dcheck_NaN1                        0x080080b5   Thumb Code    10  dcheck1.o(x$fpl$dcheck1)
    __fpl_dcmp_Inf                           0x080080c5   Thumb Code    24  dcmpi.o(x$fpl$dcmpinf)
    __aeabi_ddiv                             0x080080dd   Thumb Code     0  ddiv.o(x$fpl$ddiv)
    _ddiv                                    0x080080dd   Thumb Code   552  ddiv.o(x$fpl$ddiv)
    __aeabi_d2iz                             0x0800838d   Thumb Code     0  dfix.o(x$fpl$dfix)
    _dfix                                    0x0800838d   Thumb Code    94  dfix.o(x$fpl$dfix)
    __aeabi_i2d                              0x080083eb   Thumb Code     0  dflt_clz.o(x$fpl$dflt)
    _dflt                                    0x080083eb   Thumb Code    46  dflt_clz.o(x$fpl$dflt)
    __aeabi_ui2d                             0x08008419   Thumb Code     0  dflt_clz.o(x$fpl$dfltu)
    _dfltu                                   0x08008419   Thumb Code    38  dflt_clz.o(x$fpl$dfltu)
    __aeabi_cdcmple                          0x08008441   Thumb Code     0  dleqf.o(x$fpl$dleqf)
    _dcmple                                  0x08008441   Thumb Code   120  dleqf.o(x$fpl$dleqf)
    __fpl_dcmple_InfNaN                      0x080084a3   Thumb Code     0  dleqf.o(x$fpl$dleqf)
    __aeabi_dmul                             0x080084b9   Thumb Code     0  dmul.o(x$fpl$dmul)
    _dmul                                    0x080084b9   Thumb Code   332  dmul.o(x$fpl$dmul)
    __fpl_dnaninf                            0x0800860d   Thumb Code   156  dnaninf.o(x$fpl$dnaninf)
    __fpl_dretinf                            0x080086a9   Thumb Code    12  dretinf.o(x$fpl$dretinf)
    __aeabi_drsub                            0x080086b5   Thumb Code     0  daddsub_clz.o(x$fpl$drsb)
    _drsb                                    0x080086b5   Thumb Code    22  daddsub_clz.o(x$fpl$drsb)
    _dsqrt                                   0x080086cd   Thumb Code   456  dsqrt_noumaal.o(x$fpl$dsqrt)
    __aeabi_dsub                             0x08008899   Thumb Code     0  daddsub_clz.o(x$fpl$dsub)
    _dsub                                    0x08008899   Thumb Code   464  daddsub_clz.o(x$fpl$dsub)
    __aeabi_f2d                              0x08008a6d   Thumb Code     0  f2d.o(x$fpl$f2d)
    _f2d                                     0x08008a6d   Thumb Code    86  f2d.o(x$fpl$f2d)
    __aeabi_fadd                             0x08008ac5   Thumb Code     0  faddsub_clz.o(x$fpl$fadd)
    _fadd                                    0x08008ac5   Thumb Code   196  faddsub_clz.o(x$fpl$fadd)
    __fpl_fcmp_Inf                           0x08008b89   Thumb Code    24  fcmpi.o(x$fpl$fcmpinf)
    __aeabi_fdiv                             0x08008ba1   Thumb Code     0  fdiv.o(x$fpl$fdiv)
    _fdiv                                    0x08008ba1   Thumb Code   384  fdiv.o(x$fpl$fdiv)
    __aeabi_cfcmpeq                          0x08008d25   Thumb Code     0  feqf.o(x$fpl$feqf)
    _fcmpeq                                  0x08008d25   Thumb Code   104  feqf.o(x$fpl$feqf)
    __aeabi_f2iz                             0x08008d8d   Thumb Code     0  ffix.o(x$fpl$ffix)
    _ffix                                    0x08008d8d   Thumb Code    54  ffix.o(x$fpl$ffix)
    __aeabi_f2uiz                            0x08008dc5   Thumb Code     0  ffixu.o(x$fpl$ffixu)
    _ffixu                                   0x08008dc5   Thumb Code    62  ffixu.o(x$fpl$ffixu)
    __aeabi_i2f                              0x08008e05   Thumb Code     0  fflt_clz.o(x$fpl$fflt)
    _fflt                                    0x08008e05   Thumb Code    48  fflt_clz.o(x$fpl$fflt)
    __aeabi_ui2f                             0x08008e35   Thumb Code     0  fflt_clz.o(x$fpl$ffltu)
    _ffltu                                   0x08008e35   Thumb Code    38  fflt_clz.o(x$fpl$ffltu)
    __aeabi_cfcmple                          0x08008e5d   Thumb Code     0  fleqf.o(x$fpl$fleqf)
    _fcmple                                  0x08008e5d   Thumb Code   104  fleqf.o(x$fpl$fleqf)
    __fpl_fcmple_InfNaN                      0x08008eaf   Thumb Code     0  fleqf.o(x$fpl$fleqf)
    __aeabi_fmul                             0x08008ec5   Thumb Code     0  fmul.o(x$fpl$fmul)
    _fmul                                    0x08008ec5   Thumb Code   258  fmul.o(x$fpl$fmul)
    __fpl_fnaninf                            0x08008fc7   Thumb Code   140  fnaninf.o(x$fpl$fnaninf)
    __fpl_fretinf                            0x08009053   Thumb Code    10  fretinf.o(x$fpl$fretinf)
    __aeabi_cfrcmple                         0x0800905d   Thumb Code     0  frleqf.o(x$fpl$frleqf)
    _frcmple                                 0x0800905d   Thumb Code    98  frleqf.o(x$fpl$frleqf)
    __aeabi_fsub                             0x080090c1   Thumb Code     0  faddsub_clz.o(x$fpl$fsub)
    _fsub                                    0x080090c1   Thumb Code   234  faddsub_clz.o(x$fpl$fsub)
    __fpl_return_NaN                         0x080091ab   Thumb Code   100  retnan.o(x$fpl$retnan)
    __ARM_scalbn                             0x0800920f   Thumb Code    92  scalbn.o(x$fpl$scalbn)
    __fpl_cmpreturn                          0x0800926b   Thumb Code    48  trapv.o(x$fpl$trapveneer)
    __I$use$fp                               0x0800929a   Number         0  usenofp.o(x$fpl$usenofp)
    oled_asc2_1206                           0x0800929a   Data        1140  oled.o(.constdata)
    oled_asc2_1608                           0x0800970e   Data        1520  oled.o(.constdata)
    reg                                      0x08009d00   Data          27  inv_mpu.o(.constdata)
    hw                                       0x08009d1c   Data          12  inv_mpu.o(.constdata)
    test                                     0x08009d28   Data          40  inv_mpu.o(.constdata)
    __mathlib_zero                           0x0800aa68   Data           8  qnan.o(.constdata)
    Region$$Table$$Base                      0x0800aac0   Number         0  anon$$obj.o(Region$$Table)
    Region$$Table$$Limit                     0x0800aae0   Number         0  anon$$obj.o(Region$$Table)
    pitch                                    0x20000000   Data           4  minibalance.o(.data)
    roll                                     0x20000004   Data           4  minibalance.o(.data)
    yaw                                      0x20000008   Data           4  minibalance.o(.data)
    aacx                                     0x2000000c   Data           2  minibalance.o(.data)
    aacy                                     0x2000000e   Data           2  minibalance.o(.data)
    aacz                                     0x20000010   Data           2  minibalance.o(.data)
    gyrox                                    0x20000012   Data           2  minibalance.o(.data)
    gyroy                                    0x20000014   Data           2  minibalance.o(.data)
    gyroz                                    0x20000016   Data           2  minibalance.o(.data)
    temp                                     0x20000018   Data           2  minibalance.o(.data)
    Encoder_Left                             0x2000001c   Data           4  minibalance.o(.data)
    Encoder_Right                            0x20000020   Data           4  minibalance.o(.data)
    Moto1                                    0x20000024   Data           4  minibalance.o(.data)
    Moto2                                    0x20000028   Data           4  minibalance.o(.data)
    Flag_Qian                                0x2000002c   Data           1  minibalance.o(.data)
    Flag_Hou                                 0x2000002d   Data           1  minibalance.o(.data)
    Flag_Left                                0x2000002e   Data           1  minibalance.o(.data)
    Flag_Right                               0x2000002f   Data           1  minibalance.o(.data)
    Flag_sudu                                0x20000030   Data           1  minibalance.o(.data)
    dat1                                     0x20000031   Data           3  minibalance.o(.data)
    dat2                                     0x20000034   Data           3  minibalance.o(.data)
    num1                                     0x20000037   Data           1  minibalance.o(.data)
    num2                                     0x20000038   Data           1  minibalance.o(.data)
    distance1                                0x2000003c   Data           4  minibalance.o(.data)
    distance2                                0x20000040   Data           4  minibalance.o(.data)
    Balance_Pwm                              0x20000044   Data           4  minibalance.o(.data)
    Velocity_Pwm                             0x20000048   Data           4  minibalance.o(.data)
    Turn_Pwm                                 0x2000004c   Data           4  minibalance.o(.data)
    Voltage                                  0x20000050   Data           4  minibalance.o(.data)
    mode                                     0x20000054   Data           1  minibalance.o(.data)
    key                                      0x20000055   Data           1  minibalance.o(.data)
    __stdout                                 0x2000005c   Data           4  usart.o(.data)
    jishi                                    0x20000073   Data           1  timer.o(.data)
    OLED_GRAM                                0x200000ec   Data        1024  oled.o(.bss)
    __libspace_start                         0x200004fc   Data          96  libspace.o(.bss)
    __temporary_stack_top$libspace           0x2000055c   Data           0  libspace.o(.bss)



==============================================================================

Memory Map of the image

  Image Entry point : 0x080000ed

  Load Region LR_IROM1 (Base: 0x08000000, Size: 0x0000abcc, Max: 0x00010000, ABSOLUTE)

    Execution Region ER_IROM1 (Base: 0x08000000, Size: 0x0000aae0, Max: 0x00010000, ABSOLUTE)

    Base Addr    Size         Type   Attr      Idx    E Section Name        Object

    0x08000000   0x000000ec   Data   RO            3    RESET               startup_stm32f10x_md.o
    0x080000ec   0x00000008   Code   RO          751  * !!!main             c_w.l(__main.o)
    0x080000f4   0x00000034   Code   RO         1079    !!!scatter          c_w.l(__scatter.o)
    0x08000128   0x0000001a   Code   RO         1081    !!handler_copy      c_w.l(__scatter_copy.o)
    0x08000142   0x00000002   PAD
    0x08000144   0x0000001c   Code   RO         1083    !!handler_zi        c_w.l(__scatter_zi.o)
    0x08000160   0x00000000   Code   RO          744    .ARM.Collect$$_printf_percent$$00000000  c_w.l(_printf_percent.o)
    0x08000160   0x00000006   Code   RO          743    .ARM.Collect$$_printf_percent$$00000009  c_w.l(_printf_d.o)
    0x08000166   0x00000006   Code   RO          742    .ARM.Collect$$_printf_percent$$0000000C  c_w.l(_printf_x.o)
    0x0800016c   0x00000004   Code   RO          842    .ARM.Collect$$_printf_percent$$00000017  c_w.l(_printf_percent_end.o)
    0x08000170   0x00000002   Code   RO          949    .ARM.Collect$$libinit$$00000000  c_w.l(libinit.o)
    0x08000172   0x00000000   Code   RO          959    .ARM.Collect$$libinit$$00000002  c_w.l(libinit2.o)
    0x08000172   0x00000000   Code   RO          961    .ARM.Collect$$libinit$$00000004  c_w.l(libinit2.o)
    0x08000172   0x00000000   Code   RO          964    .ARM.Collect$$libinit$$0000000A  c_w.l(libinit2.o)
    0x08000172   0x00000000   Code   RO          966    .ARM.Collect$$libinit$$0000000C  c_w.l(libinit2.o)
    0x08000172   0x00000000   Code   RO          968    .ARM.Collect$$libinit$$0000000E  c_w.l(libinit2.o)
    0x08000172   0x00000000   Code   RO          971    .ARM.Collect$$libinit$$00000011  c_w.l(libinit2.o)
    0x08000172   0x00000000   Code   RO          973    .ARM.Collect$$libinit$$00000013  c_w.l(libinit2.o)
    0x08000172   0x00000000   Code   RO          975    .ARM.Collect$$libinit$$00000015  c_w.l(libinit2.o)
    0x08000172   0x00000000   Code   RO          977    .ARM.Collect$$libinit$$00000017  c_w.l(libinit2.o)
    0x08000172   0x00000000   Code   RO          979    .ARM.Collect$$libinit$$00000019  c_w.l(libinit2.o)
    0x08000172   0x00000000   Code   RO          981    .ARM.Collect$$libinit$$0000001B  c_w.l(libinit2.o)
    0x08000172   0x00000000   Code   RO          983    .ARM.Collect$$libinit$$0000001D  c_w.l(libinit2.o)
    0x08000172   0x00000000   Code   RO          985    .ARM.Collect$$libinit$$0000001F  c_w.l(libinit2.o)
    0x08000172   0x00000000   Code   RO          987    .ARM.Collect$$libinit$$00000021  c_w.l(libinit2.o)
    0x08000172   0x00000000   Code   RO          989    .ARM.Collect$$libinit$$00000023  c_w.l(libinit2.o)
    0x08000172   0x00000000   Code   RO          991    .ARM.Collect$$libinit$$00000025  c_w.l(libinit2.o)
    0x08000172   0x00000000   Code   RO          995    .ARM.Collect$$libinit$$0000002C  c_w.l(libinit2.o)
    0x08000172   0x00000000   Code   RO          997    .ARM.Collect$$libinit$$0000002E  c_w.l(libinit2.o)
    0x08000172   0x00000000   Code   RO          999    .ARM.Collect$$libinit$$00000030  c_w.l(libinit2.o)
    0x08000172   0x00000000   Code   RO         1001    .ARM.Collect$$libinit$$00000032  c_w.l(libinit2.o)
    0x08000172   0x00000002   Code   RO         1002    .ARM.Collect$$libinit$$00000033  c_w.l(libinit2.o)
    0x08000174   0x00000002   Code   RO         1032    .ARM.Collect$$libshutdown$$00000000  c_w.l(libshutdown.o)
    0x08000176   0x00000000   Code   RO         1047    .ARM.Collect$$libshutdown$$00000003  c_w.l(libshutdown2.o)
    0x08000176   0x00000000   Code   RO         1050    .ARM.Collect$$libshutdown$$00000006  c_w.l(libshutdown2.o)
    0x08000176   0x00000000   Code   RO         1053    .ARM.Collect$$libshutdown$$00000009  c_w.l(libshutdown2.o)
    0x08000176   0x00000000   Code   RO         1055    .ARM.Collect$$libshutdown$$0000000B  c_w.l(libshutdown2.o)
    0x08000176   0x00000000   Code   RO         1058    .ARM.Collect$$libshutdown$$0000000E  c_w.l(libshutdown2.o)
    0x08000176   0x00000002   Code   RO         1059    .ARM.Collect$$libshutdown$$0000000F  c_w.l(libshutdown2.o)
    0x08000178   0x00000000   Code   RO          833    .ARM.Collect$$rtentry$$00000000  c_w.l(__rtentry.o)
    0x08000178   0x00000000   Code   RO          898    .ARM.Collect$$rtentry$$00000002  c_w.l(__rtentry2.o)
    0x08000178   0x00000006   Code   RO          910    .ARM.Collect$$rtentry$$00000004  c_w.l(__rtentry4.o)
    0x0800017e   0x00000000   Code   RO          900    .ARM.Collect$$rtentry$$00000009  c_w.l(__rtentry2.o)
    0x0800017e   0x00000004   Code   RO          901    .ARM.Collect$$rtentry$$0000000A  c_w.l(__rtentry2.o)
    0x08000182   0x00000000   Code   RO          903    .ARM.Collect$$rtentry$$0000000C  c_w.l(__rtentry2.o)
    0x08000182   0x00000008   Code   RO          904    .ARM.Collect$$rtentry$$0000000D  c_w.l(__rtentry2.o)
    0x0800018a   0x00000002   Code   RO          952    .ARM.Collect$$rtexit$$00000000  c_w.l(rtexit.o)
    0x0800018c   0x00000000   Code   RO         1006    .ARM.Collect$$rtexit$$00000002  c_w.l(rtexit2.o)
    0x0800018c   0x00000004   Code   RO         1007    .ARM.Collect$$rtexit$$00000003  c_w.l(rtexit2.o)
    0x08000190   0x00000006   Code   RO         1008    .ARM.Collect$$rtexit$$00000004  c_w.l(rtexit2.o)
    0x08000196   0x00000002   PAD
    0x08000198   0x0000000c   Code   RO          131    .emb_text           sys.o
    0x080001a4   0x00000038   Code   RO            4    .text               startup_stm32f10x_md.o
    0x080001dc   0x00000224   Code   RO           10    .text               minibalance.o
    0x08000400   0x000000b0   Code   RO          117    .text               delay.o
    0x080004b0   0x000002e4   Code   RO          132    .text               sys.o
    0x08000794   0x000003c8   Code   RO          147    .text               usart.o
    0x08000b5c   0x00000074   Code   RO          173    .text               led.o
    0x08000bd0   0x0000024c   Code   RO          186    .text               key.o
    0x08000e1c   0x0000043a   Code   RO          199    .text               oled.o
    0x08001256   0x00000002   PAD
    0x08001258   0x00000170   Code   RO          218    .text               timer.o
    0x080013c8   0x00000260   Code   RO          234    .text               mpuiic.o
    0x08001628   0x00000368   Code   RO          246    .text               mpu6050.o
    0x08001990   0x00002288   Code   RO          258    .text               inv_mpu.o
    0x08003c18   0x00000d70   Code   RO          282    .text               inv_mpu_dmp_motion_driver.o
    0x08004988   0x000000a8   Code   RO          303    .text               pwm.o
    0x08004a30   0x00000614   Code   RO          315    .text               motor.o
    0x08005044   0x000001b8   Code   RO          329    .text               encode.o
    0x080051fc   0x00000118   Code   RO          341    .text               adc.o
    0x08005314   0x000000dc   Code   RO          356    .text               misc.o
    0x080053f0   0x0000035c   Code   RO          398    .text               stm32f10x_gpio.o
    0x0800574c   0x000003a4   Code   RO          440    .text               stm32f10x_rcc.o
    0x08005af0   0x00000e1a   Code   RO          499    .text               stm32f10x_tim.o
    0x0800690a   0x00000002   PAD
    0x0800690c   0x00000408   Code   RO          511    .text               stm32f10x_usart.o
    0x08006d14   0x0000044e   Code   RO          523    .text               stm32f10x_adc.o
    0x08007162   0x00000002   Code   RO          687    .text               c_w.l(use_no_semi_2.o)
    0x08007164   0x00000048   Code   RO          689    .text               c_w.l(llsdiv.o)
    0x080071ac   0x00000018   Code   RO          693    .text               c_w.l(noretval__2printf.o)
    0x080071c4   0x0000004e   Code   RO          697    .text               c_w.l(_printf_pad.o)
    0x08007212   0x00000002   PAD
    0x08007214   0x00000078   Code   RO          699    .text               c_w.l(_printf_dec.o)
    0x0800728c   0x00000058   Code   RO          704    .text               c_w.l(_printf_hex_int.o)
    0x080072e4   0x00000138   Code   RO          734    .text               c_w.l(__printf_flags_wp.o)
    0x0800741c   0x00000058   Code   RO          745    .text               c_w.l(memcmp.o)
    0x08007474   0x00000010   Code   RO          747    .text               c_w.l(aeabi_memset.o)
    0x08007484   0x00000006   Code   RO          749    .text               c_w.l(heapauxi.o)
    0x0800748a   0x00000002   Code   RO          831    .text               c_w.l(use_no_semi.o)
    0x0800748c   0x000000ee   Code   RO          834    .text               c_w.l(lludivv7m.o)
    0x0800757a   0x00000016   Code   RO          836    .text               c_w.l(_rserrno.o)
    0x08007590   0x000000b2   Code   RO          838    .text               c_w.l(_printf_intcommon.o)
    0x08007642   0x00000002   PAD
    0x08007644   0x00000024   Code   RO          840    .text               c_w.l(_printf_char_file.o)
    0x08007668   0x00000044   Code   RO          843    .text               c_w.l(rt_memclr.o)
    0x080076ac   0x00000008   Code   RO          919    .text               c_w.l(rt_errno_addr_intlibspace.o)
    0x080076b4   0x00000030   Code   RO          921    .text               c_w.l(_printf_char_common.o)
    0x080076e4   0x00000008   Code   RO          923    .text               c_w.l(ferror.o)
    0x080076ec   0x0000004e   Code   RO          927    .text               c_w.l(rt_memclr_w.o)
    0x0800773a   0x00000002   PAD
    0x0800773c   0x00000008   Code   RO          933    .text               c_w.l(libspace.o)
    0x08007744   0x0000004a   Code   RO          936    .text               c_w.l(sys_stackheap_outer.o)
    0x0800778e   0x0000000c   Code   RO          942    .text               c_w.l(exit.o)
    0x0800779a   0x00000028   Code   RO          884    i.__ARM_fpclassify  m_ws.l(fpclassify.o)
    0x080077c2   0x000000aa   Code   RO          886    i.__kernel_poly     m_ws.l(poly.o)
    0x0800786c   0x00000006   Code   RO          871    i.__mathlib_dbl_infnan  m_ws.l(dunder.o)
    0x08007872   0x00000004   Code   RO          872    i.__mathlib_dbl_infnan2  m_ws.l(dunder.o)
    0x08007876   0x0000000c   Code   RO          873    i.__mathlib_dbl_invalid  m_ws.l(dunder.o)
    0x08007882   0x00000002   PAD
    0x08007884   0x00000010   Code   RO          876    i.__mathlib_dbl_underflow  m_ws.l(dunder.o)
    0x08007894   0x0000000e   Code   RO          732    i._is_digit         c_w.l(__printf_wp.o)
    0x080078a2   0x00000002   PAD
    0x080078a4   0x00000270   Code   RO          814    i.asin              m_ws.l(asin.o)
    0x08007b14   0x00000220   Code   RO          861    i.atan              m_ws.l(atan.o)
    0x08007d34   0x00000180   Code   RO          824    i.atan2             m_ws.l(atan2.o)
    0x08007eb4   0x0000004c   Code   RO          890    i.sqrt              m_ws.l(sqrt.o)
    0x08007f00   0x00000062   Code   RO          753    x$fpl$d2f           fz_ws.l(d2f.o)
    0x08007f62   0x00000002   PAD
    0x08007f64   0x00000150   Code   RO          755    x$fpl$dadd          fz_ws.l(daddsub_clz.o)
    0x080080b4   0x00000010   Code   RO          929    x$fpl$dcheck1       fz_ws.l(dcheck1.o)
    0x080080c4   0x00000018   Code   RO          845    x$fpl$dcmpinf       fz_ws.l(dcmpi.o)
    0x080080dc   0x000002b0   Code   RO          762    x$fpl$ddiv          fz_ws.l(ddiv.o)
    0x0800838c   0x0000005e   Code   RO          765    x$fpl$dfix          fz_ws.l(dfix.o)
    0x080083ea   0x0000002e   Code   RO          770    x$fpl$dflt          fz_ws.l(dflt_clz.o)
    0x08008418   0x00000026   Code   RO          769    x$fpl$dfltu         fz_ws.l(dflt_clz.o)
    0x0800843e   0x00000002   PAD
    0x08008440   0x00000078   Code   RO          775    x$fpl$dleqf         fz_ws.l(dleqf.o)
    0x080084b8   0x00000154   Code   RO          777    x$fpl$dmul          fz_ws.l(dmul.o)
    0x0800860c   0x0000009c   Code   RO          847    x$fpl$dnaninf       fz_ws.l(dnaninf.o)
    0x080086a8   0x0000000c   Code   RO          849    x$fpl$dretinf       fz_ws.l(dretinf.o)
    0x080086b4   0x00000016   Code   RO          756    x$fpl$drsb          fz_ws.l(daddsub_clz.o)
    0x080086ca   0x00000002   PAD
    0x080086cc   0x000001cc   Code   RO          931    x$fpl$dsqrt         fz_ws.l(dsqrt_noumaal.o)
    0x08008898   0x000001d4   Code   RO          757    x$fpl$dsub          fz_ws.l(daddsub_clz.o)
    0x08008a6c   0x00000056   Code   RO          779    x$fpl$f2d           fz_ws.l(f2d.o)
    0x08008ac2   0x00000002   PAD
    0x08008ac4   0x000000c4   Code   RO          781    x$fpl$fadd          fz_ws.l(faddsub_clz.o)
    0x08008b88   0x00000018   Code   RO          851    x$fpl$fcmpinf       fz_ws.l(fcmpi.o)
    0x08008ba0   0x00000184   Code   RO          788    x$fpl$fdiv          fz_ws.l(fdiv.o)
    0x08008d24   0x00000068   Code   RO          791    x$fpl$feqf          fz_ws.l(feqf.o)
    0x08008d8c   0x00000036   Code   RO          793    x$fpl$ffix          fz_ws.l(ffix.o)
    0x08008dc2   0x00000002   PAD
    0x08008dc4   0x0000003e   Code   RO          797    x$fpl$ffixu         fz_ws.l(ffixu.o)
    0x08008e02   0x00000002   PAD
    0x08008e04   0x00000030   Code   RO          802    x$fpl$fflt          fz_ws.l(fflt_clz.o)
    0x08008e34   0x00000026   Code   RO          801    x$fpl$ffltu         fz_ws.l(fflt_clz.o)
    0x08008e5a   0x00000002   PAD
    0x08008e5c   0x00000068   Code   RO          807    x$fpl$fleqf         fz_ws.l(fleqf.o)
    0x08008ec4   0x00000102   Code   RO          809    x$fpl$fmul          fz_ws.l(fmul.o)
    0x08008fc6   0x0000008c   Code   RO          853    x$fpl$fnaninf       fz_ws.l(fnaninf.o)
    0x08009052   0x0000000a   Code   RO          855    x$fpl$fretinf       fz_ws.l(fretinf.o)
    0x0800905c   0x00000062   Code   RO          811    x$fpl$frleqf        fz_ws.l(frleqf.o)
    0x080090be   0x00000002   PAD
    0x080090c0   0x000000ea   Code   RO          783    x$fpl$fsub          fz_ws.l(faddsub_clz.o)
    0x080091aa   0x00000064   Code   RO          950    x$fpl$retnan        fz_ws.l(retnan.o)
    0x0800920e   0x0000005c   Code   RO          857    x$fpl$scalbn        fz_ws.l(scalbn.o)
    0x0800926a   0x00000030   Code   RO         1003    x$fpl$trapveneer    fz_ws.l(trapv.o)
    0x0800929a   0x00000000   Code   RO          859    x$fpl$usenofp       fz_ws.l(usenofp.o)
    0x0800929a   0x00000a64   Data   RO          201    .constdata          oled.o
    0x08009cfe   0x00000002   PAD
    0x08009d00   0x00000050   Data   RO          259    .constdata          inv_mpu.o
    0x08009d50   0x00000bf6   Data   RO          284    .constdata          inv_mpu_dmp_motion_driver.o
    0x0800a946   0x00000028   Data   RO          705    .constdata          c_w.l(_printf_hex_int.o)
    0x0800a96e   0x00000011   Data   RO          735    .constdata          c_w.l(__printf_flags_wp.o)
    0x0800a97f   0x00000001   PAD
    0x0800a980   0x00000050   Data   RO          815    .constdata          m_ws.l(asin.o)
    0x0800a9d0   0x00000098   Data   RO          862    .constdata          m_ws.l(atan.o)
    0x0800aa68   0x00000008   Data   RO          888    .constdata          m_ws.l(qnan.o)
    0x0800aa70   0x0000004d   Data   RO          260    .conststring        inv_mpu.o
    0x0800aabd   0x00000003   PAD
    0x0800aac0   0x00000020   Data   RO         1077    Region$$Table       anon$$obj.o


    Execution Region RW_IRAM1 (Base: 0x20000000, Size: 0x00000b60, Max: 0x00005000, ABSOLUTE)

    Base Addr    Size         Type   Attr      Idx    E Section Name        Object

    0x20000000   0x00000056   Data   RW           11    .data               minibalance.o
    0x20000056   0x00000004   Data   RW          118    .data               delay.o
    0x2000005a   0x00000002   PAD
    0x2000005c   0x00000004   Data   RW          148    .data               usart.o
    0x20000060   0x00000004   Data   RW          174    .data               led.o
    0x20000064   0x0000000f   Data   RW          187    .data               key.o
    0x20000073   0x00000001   Data   RW          219    .data               timer.o
    0x20000074   0x00000035   Data   RW          261    .data               inv_mpu.o
    0x200000a9   0x00000003   PAD
    0x200000ac   0x0000002c   Data   RW          316    .data               motor.o
    0x200000d8   0x00000014   Data   RW          441    .data               stm32f10x_rcc.o
    0x200000ec   0x00000400   Zero   RW          200    .bss                oled.o
    0x200004ec   0x00000010   Zero   RW          283    .bss                inv_mpu_dmp_motion_driver.o
    0x200004fc   0x00000060   Zero   RW          934    .bss                c_w.l(libspace.o)
    0x2000055c   0x00000004   PAD
    0x20000560   0x00000200   Zero   RW            2    HEAP                startup_stm32f10x_md.o
    0x20000760   0x00000400   Zero   RW            1    STACK               startup_stm32f10x_md.o


==============================================================================

Image component sizes


      Code (inc. data)   RO Data    RW Data    ZI Data      Debug   Object Name

       280         24          0          0          0      10180   adc.o
       176          8          0          4          0       1155   delay.o
       440         16          0          0          0       1587   encode.o
      8840        196        157         53          0      23417   inv_mpu.o
      3440        126       3062          0         16      15279   inv_mpu_dmp_motion_driver.o
       588         66          0         15          0       2083   key.o
       116         20          0          4          0        709   led.o
       548        136          0         86          0     254510   minibalance.o
       220         22          0          0          0       1929   misc.o
      1556        204          0         44          0       3295   motor.o
       872         18          0          0          0       4287   mpu6050.o
       608         12          0          0          0       2106   mpuiic.o
      1082         44       2660          0       1024       4655   oled.o
       168          8          0          0          0        796   pwm.o
        56         22        236          0       1536        860   startup_stm32f10x_md.o
      1102         26          0          0          0      10961   stm32f10x_adc.o
       860         38          0          0          0       5773   stm32f10x_gpio.o
       932         36          0         20          0       9008   stm32f10x_rcc.o
      3610         88          0          0          0      22256   stm32f10x_tim.o
      1032         22          0          0          0       8500   stm32f10x_usart.o
       752         46          0          0          0       3025   sys.o
       368         60          0          1          0       1204   timer.o
       968         66          0          4          0       4901   usart.o

    ----------------------------------------------------------------------
     28618       1304       6152        236       2576     392476   Object Totals
         0          0         32          0          0          0   (incl. Generated)
         4          0          5          5          0          0   (incl. Padding)

    ----------------------------------------------------------------------

      Code (inc. data)   RO Data    RW Data    ZI Data      Debug   Library Member Name

         8          0          0          0          0         68   __main.o
       312          4         17          0          0         92   __printf_flags_wp.o
        14          0          0          0          0         68   __printf_wp.o
         0          0          0          0          0          0   __rtentry.o
        12          0          0          0          0          0   __rtentry2.o
         6          0          0          0          0          0   __rtentry4.o
        52          8          0          0          0          0   __scatter.o
        26          0          0          0          0          0   __scatter_copy.o
        28          0          0          0          0          0   __scatter_zi.o
        48          6          0          0          0         96   _printf_char_common.o
        36          4          0          0          0         80   _printf_char_file.o
         6          0          0          0          0          0   _printf_d.o
       120         16          0          0          0         92   _printf_dec.o
        88          4         40          0          0         88   _printf_hex_int.o
       178          0          0          0          0         88   _printf_intcommon.o
        78          0          0          0          0        108   _printf_pad.o
         0          0          0          0          0          0   _printf_percent.o
         4          0          0          0          0          0   _printf_percent_end.o
         6          0          0          0          0          0   _printf_x.o
        22          0          0          0          0        100   _rserrno.o
        16          0          0          0          0         68   aeabi_memset.o
        12          0          0          0          0         72   exit.o
         8          0          0          0          0         68   ferror.o
         6          0          0          0          0        152   heapauxi.o
         2          0          0          0          0          0   libinit.o
         2          0          0          0          0          0   libinit2.o
         2          0          0          0          0          0   libshutdown.o
         2          0          0          0          0          0   libshutdown2.o
         8          4          0          0         96         68   libspace.o
        72          0          0          0          0         76   llsdiv.o
       238          0          0          0          0        100   lludivv7m.o
        88          0          0          0          0         76   memcmp.o
        24          4          0          0          0         84   noretval__2printf.o
         8          4          0          0          0         68   rt_errno_addr_intlibspace.o
        68          0          0          0          0         68   rt_memclr.o
        78          0          0          0          0         80   rt_memclr_w.o
         2          0          0          0          0          0   rtexit.o
        10          0          0          0          0          0   rtexit2.o
        74          0          0          0          0         80   sys_stackheap_outer.o
         2          0          0          0          0         68   use_no_semi.o
         2          0          0          0          0         68   use_no_semi_2.o
        98          4          0          0          0         92   d2f.o
       826         16          0          0          0        348   daddsub_clz.o
        16          4          0          0          0         68   dcheck1.o
        24          0          0          0          0         68   dcmpi.o
       688        140          0          0          0        208   ddiv.o
        94          4          0          0          0         92   dfix.o
        84          0          0          0          0        136   dflt_clz.o
       120          4          0          0          0         92   dleqf.o
       340         12          0          0          0        104   dmul.o
       156          4          0          0          0         92   dnaninf.o
        12          0          0          0          0         68   dretinf.o
       460         56          0          0          0        120   dsqrt_noumaal.o
        86          4          0          0          0         84   f2d.o
       430          8          0          0          0        168   faddsub_clz.o
        24          0          0          0          0         68   fcmpi.o
       388         76          0          0          0         96   fdiv.o
       104          4          0          0          0         84   feqf.o
        54          4          0          0          0         84   ffix.o
        62          4          0          0          0         84   ffixu.o
        86          0          0          0          0        136   fflt_clz.o
       104          4          0          0          0         84   fleqf.o
       258          4          0          0          0         84   fmul.o
       140          4          0          0          0         84   fnaninf.o
        10          0          0          0          0         68   fretinf.o
        98          0          0          0          0         68   frleqf.o
       100          0          0          0          0         68   retnan.o
        92          0          0          0          0         68   scalbn.o
        48          0          0          0          0         68   trapv.o
         0          0          0          0          0          0   usenofp.o
       624         52         80          0          0        168   asin.o
       544         70        152          0          0        124   atan.o
       384         38          0          0          0        144   atan2.o
        38          6          0          0          0        272   dunder.o
        40          0          0          0          0         68   fpclassify.o
       170          0          0          0          0         96   poly.o
         0          0          8          0          0          0   qnan.o
        76          0          0          0          0         84   sqrt.o

    ----------------------------------------------------------------------
      8676        576        298          0        100       5916   Library Totals
        30          0          1          0          4          0   (incl. Padding)

    ----------------------------------------------------------------------

      Code (inc. data)   RO Data    RW Data    ZI Data      Debug   Library Name

      1768         54         57          0         96       2076   c_w.l
      5002        356          0          0          0       2884   fz_ws.l
      1876        166        240          0          0        956   m_ws.l

    ----------------------------------------------------------------------
      8676        576        298          0        100       5916   Library Totals

    ----------------------------------------------------------------------

==============================================================================


      Code (inc. data)   RO Data    RW Data    ZI Data      Debug   

     37294       1880       6450        236       2676     392772   Grand Totals
     37294       1880       6450        236       2676     392772   ELF Image Totals
     37294       1880       6450        236          0          0   ROM Totals

==============================================================================

    Total RO  Size (Code + RO Data)                43744 (  42.72kB)
    Total RW  Size (RW Data + ZI Data)              2912 (   2.84kB)
    Total ROM Size (Code + RO Data + RW Data)      43980 (  42.95kB)

==============================================================================

